Archive member included because of file (symbol)

/home/matt/.uecide/cache/chipkit/chipkit-wifire-fpu/librepo_SoftPWMServo.a(SoftPWMServo.cpp.o)
                              /home/matt/DC/Cariad/Drivers/SSD1289/examples/Spectrum/build/Spectrum.cpp.o (SoftPWMServoPWMWrite(unsigned long, unsigned char))
/home/matt/.uecide/cache/chipkit/chipkit-wifire-fpu/librepo_SSD1289.a(SSD1289.cpp.o)
                              /home/matt/DC/Cariad/Drivers/SSD1289/examples/Spectrum/build/Spectrum.cpp.o (SSD1289::SSD1289(unsigned char, unsigned char, unsigned char, unsigned char, unsigned char, unsigned char, unsigned char, unsigned char, unsigned char, unsigned char, unsigned char, unsigned char, unsigned char, unsigned char, unsigned char, unsigned char, unsigned char, unsigned char, unsigned char, unsigned char, unsigned char))
/home/matt/.uecide/cache/chipkit/chipkit-wifire-fpu/librepo_Cariad.a(Color.cpp.o)
                              /home/matt/.uecide/cache/chipkit/chipkit-wifire-fpu/librepo_SSD1289.a(SSD1289.cpp.o) (Cariad::color565(unsigned char, unsigned char, unsigned char))
/home/matt/.uecide/cache/chipkit/chipkit-wifire-fpu/librepo_Cariad.a(Cariad.cpp.o)
                              /home/matt/.uecide/cache/chipkit/chipkit-wifire-fpu/librepo_SSD1289.a(SSD1289.cpp.o) (Cariad::Cariad())
/home/matt/.uecide/cache/chipkit/chipkit-wifire-fpu/librepo_Cariad.a(Cariad_Bezier.cpp.o)
                              /home/matt/.uecide/cache/chipkit/chipkit-wifire-fpu/librepo_SSD1289.a(SSD1289.cpp.o) (Cariad::drawBezier(int, int, int, int, int, int, int, int, int, unsigned short))
/home/matt/.uecide/cache/chipkit/chipkit-wifire-fpu/librepo_Cariad.a(Cariad_Circle.cpp.o)
                              /home/matt/.uecide/cache/chipkit/chipkit-wifire-fpu/librepo_SSD1289.a(SSD1289.cpp.o) (Cariad::drawCircle(int, int, int, unsigned short))
/home/matt/.uecide/cache/chipkit/chipkit-wifire-fpu/librepo_Cariad.a(Cariad_Clipping.cpp.o)
                              /home/matt/.uecide/cache/chipkit/chipkit-wifire-fpu/librepo_SSD1289.a(SSD1289.cpp.o) (Cariad::clipToScreen(int&, int&, int&, int&))
/home/matt/.uecide/cache/chipkit/chipkit-wifire-fpu/librepo_Cariad.a(Cariad_Image.cpp.o)
                              /home/matt/.uecide/cache/chipkit/chipkit-wifire-fpu/librepo_SSD1289.a(SSD1289.cpp.o) (Cariad::drawBitmap(int, int, unsigned char const*, int, int, unsigned short))
/home/matt/.uecide/cache/chipkit/chipkit-wifire-fpu/librepo_Cariad.a(Cariad_Line.cpp.o)
                              /home/matt/.uecide/cache/chipkit/chipkit-wifire-fpu/librepo_SSD1289.a(SSD1289.cpp.o) (Cariad::drawLine(int, int, int, int, unsigned short))
/home/matt/.uecide/cache/chipkit/chipkit-wifire-fpu/librepo_Cariad.a(Cariad_LowLevel.cpp.o)
                              /home/matt/.uecide/cache/chipkit/chipkit-wifire-fpu/librepo_SSD1289.a(SSD1289.cpp.o) (Cariad::translateCoordinates(int*, int*))
/home/matt/.uecide/cache/chipkit/chipkit-wifire-fpu/librepo_Cariad.a(Cariad_Reading.cpp.o)
                              /home/matt/.uecide/cache/chipkit/chipkit-wifire-fpu/librepo_SSD1289.a(SSD1289.cpp.o) (Cariad::colorAt(int, int))
/home/matt/.uecide/cache/chipkit/chipkit-wifire-fpu/librepo_Cariad.a(Cariad_Rectangle.cpp.o)
                              /home/matt/.uecide/cache/chipkit/chipkit-wifire-fpu/librepo_SSD1289.a(SSD1289.cpp.o) (Cariad::drawRectangle(int, int, int, int, unsigned short))
/home/matt/.uecide/cache/chipkit/chipkit-wifire-fpu/librepo_Cariad.a(Cariad_Text.cpp.o)
                              /home/matt/.uecide/cache/chipkit/chipkit-wifire-fpu/librepo_SSD1289.a(SSD1289.cpp.o) (Cariad::stringWidth(char const*))
/home/matt/.uecide/cache/chipkit/chipkit-wifire-fpu/librepo_Cariad.a(Cariad_Triangle.cpp.o)
                              /home/matt/.uecide/cache/chipkit/chipkit-wifire-fpu/librepo_SSD1289.a(SSD1289.cpp.o) (Cariad::drawTriangle(int, int, int, int, int, int, unsigned short))
/home/matt/.uecide/cache/chipkit/chipkit-wifire-fpu/librepo_Cariad.a(Cariad_Util.cpp.o)
                              /home/matt/.uecide/cache/chipkit/chipkit-wifire-fpu/librepo_Cariad.a(Color.cpp.o) (rgb(unsigned char, unsigned char, unsigned char))
/home/matt/.uecide/cache/chipkit/chipkit-wifire-fpu/librepo_Cariad.a(Cariad_Window.cpp.o)
                              /home/matt/.uecide/cache/chipkit/chipkit-wifire-fpu/librepo_Cariad.a(Cariad_Circle.cpp.o) (Cariad::openWindow(int, int, int, int))
/home/matt/.uecide/cache/chipkit/chipkit-wifire-fpu/librepo_Cariad.a(DefaultFont.cpp.o)
                              /home/matt/.uecide/cache/chipkit/chipkit-wifire-fpu/librepo_Cariad.a(Cariad.cpp.o) (Fonts::Default)
/home/matt/.uecide/cache/chipkit/chipkit-wifire-fpu/librepo_Cariad.a(Cariad_3D_Mapping.cpp.o)
                              /home/matt/.uecide/cache/chipkit/chipkit-wifire-fpu/librepo_Cariad.a(Cariad_LowLevel.cpp.o) (Cariad::map3Dto2D(point3d&))
/home/matt/.uecide/cache/chipkit/chipkit-wifire-fpu/librepo_Sinclair.a(Sinclair.cpp.o)
[...]
Memory Configuration

Name             Origin             Length             Attributes
kseg0_vector_mem 0x9d000000         0x00001000
kseg1_vector_mem 0xbd000000         0x00001000
kseg0_program_mem 0x9d001000         0x001fb000         xr
kseg0_eeprom_mem 0x9d1fc000         0x00004000
kseg0_boot_mem   0x9fc004b0         0x00000000
kseg1_boot_mem   0xbfc00000         0x00000000
kseg1_boot_mem_4B0 0xbfc004b0         0x00000000
configsfrs       0xbfc0ffc0         0x00000010
config_BFC0FF40  0xbfc0ff40         0x00000004
config_BFC0FF44  0xbfc0ff44         0x00000004
config_BFC0FF48  0xbfc0ff48         0x00000004
config_BFC0FF4C  0xbfc0ff4c         0x00000004
config_BFC0FF50  0xbfc0ff50         0x00000004
config_BFC0FF54  0xbfc0ff54         0x00000004
config_BFC0FF58  0xbfc0ff58         0x00000004
config_BFC0FF5C  0xbfc0ff5c         0x00000004
config_BFC0FF60  0xbfc0ff60         0x00000004
config_BFC0FF64  0xbfc0ff64         0x00000004
config_BFC0FF68  0xbfc0ff68         0x00000004
config_BFC0FF6C  0xbfc0ff6c         0x00000004
config_BFC0FF70  0xbfc0ff70         0x00000004
config_BFC0FF74  0xbfc0ff74         0x00000004
config_BFC0FF78  0xbfc0ff78         0x00000004
config_BFC0FF7C  0xbfc0ff7c         0x00000004
config_BFC0FFC0  0xbfc0ffc0         0x00000004
config_BFC0FFC4  0xbfc0ffc4         0x00000004
config_BFC0FFC8  0xbfc0ffc8         0x00000004
config_BFC0FFCC  0xbfc0ffcc         0x00000004
config_BFC0FFD0  0xbfc0ffd0         0x00000004
config_BFC0FFD4  0xbfc0ffd4         0x00000004
config_BFC0FFD8  0xbfc0ffd8         0x00000004
config_BFC0FFDC  0xbfc0ffdc         0x00000004
config_BFC0FFE0  0xbfc0ffe0         0x00000004
config_BFC0FFE4  0xbfc0ffe4         0x00000004
config_BFC0FFE8  0xbfc0ffe8         0x00000004
config_BFC0FFEC  0xbfc0ffec         0x00000004
config_BFC0FFF0  0xbfc0fff0         0x00000004
config_BFC0FFF4  0xbfc0fff4         0x00000004
config_BFC0FFF8  0xbfc0fff8         0x00000004
config_BFC0FFFC  0xbfc0fffc         0x00000004
lowerbootaliaslastpage 0xbfc10000         0x00004000
upperbootalias   0xbfc20000         0x00014000
boot1            0xbfc40000         0x0000ff00
config_BFC4FF40  0xbfc4ff40         0x00000004
config_BFC4FF44  0xbfc4ff44         0x00000004
config_BFC4FF48  0xbfc4ff48         0x00000004
config_BFC4FF4C  0xbfc4ff4c         0x00000004
config_BFC4FF50  0xbfc4ff50         0x00000004
config_BFC4FF54  0xbfc4ff54         0x00000004
config_BFC4FF58  0xbfc4ff58         0x00000004
config_BFC4FF5C  0xbfc4ff5c         0x00000004
config_BFC4FF60  0xbfc4ff60         0x00000004
config_BFC4FF64  0xbfc4ff64         0x00000004
config_BFC4FF68  0xbfc4ff68         0x00000004
config_BFC4FF6C  0xbfc4ff6c         0x00000004
config_BFC4FF70  0xbfc4ff70         0x00000004
config_BFC4FF74  0xbfc4ff74         0x00000004
config_BFC4FF78  0xbfc4ff78         0x00000004
config_BFC4FF7C  0xbfc4ff7c         0x00000004
config_BFC4FFC0  0xbfc4ffc0         0x00000004
config_BFC4FFC4  0xbfc4ffc4         0x00000004
config_BFC4FFC8  0xbfc4ffc8         0x00000004
config_BFC4FFCC  0xbfc4ffcc         0x00000004
config_BFC4FFD0  0xbfc4ffd0         0x00000004
config_BFC4FFD4  0xbfc4ffd4         0x00000004
config_BFC4FFD8  0xbfc4ffd8         0x00000004
config_BFC4FFDC  0xbfc4ffdc         0x00000004
config_BFC4FFE0  0xbfc4ffe0         0x00000004
config_BFC4FFE4  0xbfc4ffe4         0x00000004
config_BFC4FFE8  0xbfc4ffe8         0x00000004
config_BFC4FFEC  0xbfc4ffec         0x00000004
config_BFC4FFF0  0xbfc4fff0         0x00000004
config_BFC4FFF4  0xbfc4fff4         0x00000004
config_BFC4FFF8  0xbfc4fff8         0x00000004
config_BFC4FFFC  0xbfc4fffc         0x00000004
boot1lastpage    0xbfc50000         0x00004000
config_BFC54000  0xbfc54000         0x00000004
config_BFC54004  0xbfc54004         0x00000004
config_BFC54008  0xbfc54008         0x00000004
config_BFC5400C  0xbfc5400c         0x00000004
config_BFC54010  0xbfc54010         0x00000004
config_BFC54020  0xbfc54020         0x00000004
config_BFC54024  0xbfc54024         0x00000004
boot2            0xbfc60000         0x0000ff00
config_BFC6FF40  0xbfc6ff40         0x00000004
config_BFC6FF44  0xbfc6ff44         0x00000004
config_BFC6FF48  0xbfc6ff48         0x00000004
config_BFC6FF4C  0xbfc6ff4c         0x00000004
config_BFC6FF50  0xbfc6ff50         0x00000004
config_BFC6FF54  0xbfc6ff54         0x00000004
config_BFC6FF58  0xbfc6ff58         0x00000004
config_BFC6FF5C  0xbfc6ff5c         0x00000004
config_BFC6FF60  0xbfc6ff60         0x00000004
config_BFC6FF64  0xbfc6ff64         0x00000004
config_BFC6FF68  0xbfc6ff68         0x00000004
config_BFC6FF6C  0xbfc6ff6c         0x00000004
config_BFC6FF70  0xbfc6ff70         0x00000004
config_BFC6FF74  0xbfc6ff74         0x00000004
config_BFC6FF78  0xbfc6ff78         0x00000004
config_BFC6FF7C  0xbfc6ff7c         0x00000004
config_BFC6FFC0  0xbfc6ffc0         0x00000004
config_BFC6FFC4  0xbfc6ffc4         0x00000004
config_BFC6FFC8  0xbfc6ffc8         0x00000004
config_BFC6FFCC  0xbfc6ffcc         0x00000004
config_BFC6FFD0  0xbfc6ffd0         0x00000004
config_BFC6FFD4  0xbfc6ffd4         0x00000004
config_BFC6FFD8  0xbfc6ffd8         0x00000004
config_BFC6FFDC  0xbfc6ffdc         0x00000004
config_BFC6FFE0  0xbfc6ffe0         0x00000004
config_BFC6FFE4  0xbfc6ffe4         0x00000004
config_BFC6FFE8  0xbfc6ffe8         0x00000004
config_BFC6FFEC  0xbfc6ffec         0x00000004
config_BFC6FFF0  0xbfc6fff0         0x00000004
config_BFC6FFF4  0xbfc6fff4         0x00000004
config_BFC6FFF8  0xbfc6fff8         0x00000004
config_BFC6FFFC  0xbfc6fffc         0x00000004
boot2lastpage    0xbfc70000         0x00004000
kseg0_data_mem   0x80000000         0x00080000         w !x
sfrs             0xbf800000         0x00100000
configsfrs_BFC0FF40 0xbfc0ff40         0x00000040
configsfrs_BFC0FFC0 0xbfc0ffc0         0x00000040
configsfrs_BFC4FF40 0xbfc4ff40         0x00000040
configsfrs_BFC4FFC0 0xbfc4ffc0         0x00000040
configsfrs_BFC54000 0xbfc54000         0x00000014
configsfrs_BFC54020 0xbfc54020         0x00000008
configsfrs_BFC6FF40 0xbfc6ff40         0x00000040
configsfrs_BFC6FFC0 0xbfc6ffc0         0x00000040
kseg2_ebi_data_mem 0xc0000000         0x04000000
kseg2_sqi_data_mem 0xd0000000         0x04000000
kseg3_ebi_data_mem 0xe0000000         0x04000000
kseg3_sqi_data_mem 0xf0000000         0x04000000
*default*        0x00000000         0xffffffff

Linker script and memory map

                0x00000001                _DEBUGGER = 0x1
LOAD /tmp/ccQkghE3.o
LOAD /home/matt/DC/Cariad/Drivers/SSD1289/examples/Spectrum/build/Spectrum.cpp.o
LOAD /home/matt/DC/Cariad/Drivers/SSD1289/examples/Spectrum/build/EFADC.c.o
START GROUP
LOAD /home/matt/.uecide/cache/chipkit/chipkit-wifire-fpu/librepo_SoftPWMServo.a
LOAD /home/matt/.uecide/cache/chipkit/chipkit-wifire-fpu/librepo_SSD1289.a
LOAD /home/matt/.uecide/cache/chipkit/chipkit-wifire-fpu/librepo_Cariad.a
LOAD /home/matt/.uecide/cache/chipkit/chipkit-wifire-fpu/librepo_Sinclair.a
LOAD /home/matt/.uecide/cache/chipkit/chipkit-wifire-fpu/libCore_api.a
END GROUP
LOAD /home/matt/.uecide/compilers/pic32-tools-pre/bin/bin/../../lib/gcc/pic32mx/4.8.3/../../../../pic32mx/lib/size/fpu64/libsupc++.a
LOAD /home/matt/.uecide/compilers/pic32-tools-pre/bin/bin/../../lib/gcc/pic32mx/4.8.3/../../../../pic32mx/lib/size/fpu64/libm.a
                0x00000800                PROVIDE (_min_stack_size, 0x800)
                0x00000800                PROVIDE (_min_heap_size, 0x800)
LOAD /home/matt/.uecide/compilers/pic32-tools-pre/bin/bin/../../lib/gcc/pic32mx/4.8.3/../../../../pic32mx/lib/./proc/32MZ2048EFG100/processor.o
START GROUP
LOAD libmchp_peripheral.a
END GROUP
START GROUP
LOAD libmchp_peripheral_32MZ2048ECH100.a
END GROUP
START GROUP
LOAD /home/matt/.uecide/compilers/pic32-tools-pre/bin/bin/../../lib/gcc/pic32mx/4.8.3/../../../../pic32mx/lib/./proc/32MZ2048EFG100/vector_offset_init.o
END GROUP
                0xbfc00380                _BEV_EXCPT_ADDR = 0xbfc00380
                0xbfc00480                _DBG_EXCPT_ADDR = 0xbfc00480
                0x00000000                _SIMPLE_TLB_REFILL_EXCPT_OFFSET = 0x0
                0x000000a0                _TLB_TABLE_OFFSET = 0xa0
                0x000000f8                _IMAGE_PTR_TABLE_OFFSET = 0xf8
                0x000000fc                _IMAGE_HEADER_OFFSET = 0xfc
                0x00000100                _CACHE_ERR_EXCPT_OFFSET = 0x100
                0x00000180                _GEN_EXCPT_OFFSET = 0x180
                0x9d000000                _ebase_address = ORIGIN (kseg0_vector_mem)
                0x9d001000                _RESET_ADDR = ORIGIN (kseg0_program_mem)
                0x9d000000                _SIMPLE_TLB_REFILL_EXCPT_ADDR = (_ebase_address + _SIMPLE_TLB_REFILL_EXCPT_OFFSET)
                0xbd0000a0                _TLB_TABLE = (ORIGIN (kseg1_vector_mem) + _TLB_TABLE_OFFSET)
                0x9d000100                _CACHE_ERR_EXCPT_ADDR = (_ebase_address + _CACHE_ERR_EXCPT_OFFSET)
                0x9d000180                _GEN_EXCPT_ADDR = (_ebase_address + _GEN_EXCPT_OFFSET)
                0x9d0000f8                _IMAGE_PTR_TABLE = (_ebase_address + _IMAGE_PTR_TABLE_OFFSET)
                0x9d0000fc                _IMAGE_HEADER_ADDR = (_ebase_address + _IMAGE_HEADER_OFFSET)
                0x9d1fc000                _EEPROM_ADDR = ORIGIN (kseg0_eeprom_mem)
                0x00000000                _imageReserved = 0x0
                0x00000001                _imageMPIDE = 0x1
                0x00000002                _imageBootFlashBootloader = 0x2
                0x00000004                _imageProgramFlashBootloader = 0x4
                0x00000008                _imageSplitFlashBootloader = 0x8
                0x00010000                _imageFullFlashEraseLess4KEEProm = 0x10000
                0x00020000                _imageJustInTimeFlashErase = 0x20000
                0x00040000                _imageLinkerSpecifiedFlashErase = 0x40000
                0x00080000                _imageFullFlashErase = 0x80000
                0x01000000                _imageExecutionJumpAddress = 0x1000000
                0x02000000                _imageExecutionJumpToFirstInFlash = 0x2000000
                0x01020001                _IMAGE_TYPE = ((_imageMPIDE | _imageJustInTimeFlashErase) | _imageExecutionJumpAddress)
                0x001fc000                _IMAGE_FLASH_SIZE = 0x1fc000
                0x9d001000                _JUMP_ADDR = _RESET_ADDR
                0x00000001                PROVIDE (_vector_spacing, 0x1)
LOAD /home/matt/.uecide/compilers/pic32-tools-pre/bin/bin/../../lib/gcc/pic32mx/4.8.3/size/fpu64/crtbegin.o
LOAD /home/matt/.uecide/compilers/pic32-tools-pre/bin/bin/../../lib/gcc/pic32mx/4.8.3/size/fpu64/crtend.o
LOAD /home/matt/.uecide/compilers/pic32-tools-pre/bin/bin/../../lib/gcc/pic32mx/4.8.3/size/fpu64/crtn.o

/DISCARD/
 *(.config_*)
 *(.bev_handler)
 *(.pdr)
 *(.rel.dyn)
 *(.note.GNU-stack)
 *(.note.GNU-stack)
 *(.gnu_debuglink)
 *(.gnu.lto_*)
 *(.discard)

.eeprom_pic32
 *(.eeprom_pic32 .eeprom_pic32.*)

.simple_tlb_refill_excpt
 *(.simple_tlb_refill_vector)

.image_ptr_table
                0x9d0000f8        0x8
                0x9d0000f8        0x4 LONG 0x9d000000 _ebase_address
                0x9d0000fc        0x4 LONG 0x9d00161c _image_header_info

.cache_err_excpt
 *(.cache_err_vector)

.app_excpt      0x9d000180       0x10
 *(.gen_handler)
 .gen_handler   0x9d000180       0x10 /tmp/ccQkghE3.o

.reset          0x9d001000       0x18
 *(.reset)
 .reset         0x9d001000       0x18 /tmp/ccQkghE3.o
                0x9d001000                _reset
 *(.reset.startup)
 .reset.startup
                0x9d001018        0x0 /tmp/ccQkghE3.o

.vectors        0x9d001018      0x354
                0x9d001018                _vector_0_addr = .
                0x00001018                __vector_offset_0 = DEFINED (__vector_dispatch_0)?(. - _ebase_address):__vector_offset_default
 *(.vector_0)
 .vector_0      0x9d001018      0x354 /home/matt/.uecide/cache/chipkit/chipkit-wifire-fpu/libCore_api.a(wiring.c.o)
                0x9d001018                CoreTimerHandler
                0x0000136c                __vector_offset_1 = DEFINED (__vector_dispatch_1)?(. - _ebase_address):__vector_offset_default
 *(.vector_1)
                0x0000136c                __vector_offset_2 = DEFINED (__vector_dispatch_2)?(. - _ebase_address):__vector_offset_default
 *(.vector_2)
                0x0000136c                __vector_offset_3 = DEFINED (__vector_dispatch_3)?(. - _ebase_address):__vector_offset_default
 *(.vector_3)
                0x0000136c                __vector_offset_4 = DEFINED (__vector_dispatch_4)?(. - _ebase_address):__vector_offset_default
 *(.vector_4)
                0x0000136c                __vector_offset_5 = DEFINED (__vector_dispatch_5)?(. - _ebase_address):__vector_offset_default
 *(.vector_5)
                0x0000136c                __vector_offset_6 = DEFINED (__vector_dispatch_6)?(. - _ebase_address):__vector_offset_default
 *(.vector_6)
                0x0000136c                __vector_offset_7 = DEFINED (__vector_dispatch_7)?(. - _ebase_address):__vector_offset_default
 *(.vector_7)
                0x0000136c                __vector_offset_8 = DEFINED (__vector_dispatch_8)?(. - _ebase_address):__vector_offset_default
 *(.vector_8)
                0x0000136c                __vector_offset_9 = DEFINED (__vector_dispatch_9)?(. - _ebase_address):__vector_offset_default
 *(.vector_9)
                0x0000136c                __vector_offset_10 = DEFINED (__vector_dispatch_10)?(. - _ebase_address):__vector_offset_default
 *(.vector_10)
                0x0000136c                __vector_offset_11 = DEFINED (__vector_dispatch_11)?(. - _ebase_address):__vector_offset_default
 *(.vector_11)
                0x0000136c                __vector_offset_12 = DEFINED (__vector_dispatch_12)?(. - _ebase_address):__vector_offset_default
 *(.vector_12)
                0x0000136c                __vector_offset_13 = DEFINED (__vector_dispatch_13)?(. - _ebase_address):__vector_offset_default
 *(.vector_13)
                0x0000136c                __vector_offset_14 = DEFINED (__vector_dispatch_14)?(. - _ebase_address):__vector_offset_default
 *(.vector_14)
                0x0000136c                __vector_offset_15 = DEFINED (__vector_dispatch_15)?(. - _ebase_address):__vector_offset_default
 *(.vector_15)
                0x0000136c                __vector_offset_16 = DEFINED (__vector_dispatch_16)?(. - _ebase_address):__vector_offset_default
 *(.vector_16)
                0x0000136c                __vector_offset_17 = DEFINED (__vector_dispatch_17)?(. - _ebase_address):__vector_offset_default
 *(.vector_17)
                0x0000136c                __vector_offset_18 = DEFINED (__vector_dispatch_18)?(. - _ebase_address):__vector_offset_default
 *(.vector_18)
                0x0000136c                __vector_offset_19 = DEFINED (__vector_dispatch_19)?(. - _ebase_address):__vector_offset_default
 *(.vector_19)
                0x0000136c                __vector_offset_20 = DEFINED (__vector_dispatch_20)?(. - _ebase_address):__vector_offset_default
 *(.vector_20)
                0x0000136c                __vector_offset_21 = DEFINED (__vector_dispatch_21)?(. - _ebase_address):__vector_offset_default
 *(.vector_21)
                0x0000136c                __vector_offset_22 = DEFINED (__vector_dispatch_22)?(. - _ebase_address):__vector_offset_default
 *(.vector_22)
                0x0000136c                __vector_offset_23 = DEFINED (__vector_dispatch_23)?(. - _ebase_address):__vector_offset_default
 *(.vector_23)
                0x0000136c                __vector_offset_24 = DEFINED (__vector_dispatch_24)?(. - _ebase_address):__vector_offset_default
 *(.vector_24)
                0x0000136c                __vector_offset_25 = DEFINED (__vector_dispatch_25)?(. - _ebase_address):__vector_offset_default
 *(.vector_25)
                0x0000136c                __vector_offset_26 = DEFINED (__vector_dispatch_26)?(. - _ebase_address):__vector_offset_default
 *(.vector_26)
                0x0000136c                __vector_offset_27 = DEFINED (__vector_dispatch_27)?(. - _ebase_address):__vector_offset_default
 *(.vector_27)
                0x0000136c                __vector_offset_28 = DEFINED (__vector_dispatch_28)?(. - _ebase_address):__vector_offset_default
 *(.vector_28)
                0x0000136c                __vector_offset_29 = DEFINED (__vector_dispatch_29)?(. - _ebase_address):__vector_offset_default
 *(.vector_29)
                0x0000136c                __vector_offset_30 = DEFINED (__vector_dispatch_30)?(. - _ebase_address):__vector_offset_default
 *(.vector_30)
                0x0000136c                __vector_offset_31 = DEFINED (__vector_dispatch_31)?(. - _ebase_address):__vector_offset_default
 *(.vector_31)
                0x0000136c                __vector_offset_32 = DEFINED (__vector_dispatch_32)?(. - _ebase_address):__vector_offset_default
 *(.vector_32)
                0x0000136c                __vector_offset_33 = DEFINED (__vector_dispatch_33)?(. - _ebase_address):__vector_offset_default
 *(.vector_33)
                0x0000136c                __vector_offset_34 = DEFINED (__vector_dispatch_34)?(. - _ebase_address):__vector_offset_default
 *(.vector_34)
                0x0000136c                __vector_offset_35 = DEFINED (__vector_dispatch_35)?(. - _ebase_address):__vector_offset_default
 *(.vector_35)
                0x0000136c                __vector_offset_36 = DEFINED (__vector_dispatch_36)?(. - _ebase_address):__vector_offset_default
 *(.vector_36)
                0x0000136c                __vector_offset_37 = DEFINED (__vector_dispatch_37)?(. - _ebase_address):__vector_offset_default
 *(.vector_37)
                0x0000136c                __vector_offset_38 = DEFINED (__vector_dispatch_38)?(. - _ebase_address):__vector_offset_default
 *(.vector_38)
                0x0000136c                __vector_offset_39 = DEFINED (__vector_dispatch_39)?(. - _ebase_address):__vector_offset_default
 *(.vector_39)
                0x0000136c                __vector_offset_40 = DEFINED (__vector_dispatch_40)?(. - _ebase_address):__vector_offset_default
 *(.vector_40)
                0x0000136c                __vector_offset_41 = DEFINED (__vector_dispatch_41)?(. - _ebase_address):__vector_offset_default
 *(.vector_41)
                0x0000136c                __vector_offset_42 = DEFINED (__vector_dispatch_42)?(. - _ebase_address):__vector_offset_default
 *(.vector_42)
                0x0000136c                __vector_offset_43 = DEFINED (__vector_dispatch_43)?(. - _ebase_address):__vector_offset_default
 *(.vector_43)
                0x0000136c                __vector_offset_44 = DEFINED (__vector_dispatch_44)?(. - _ebase_address):__vector_offset_default
 *(.vector_44)
                0x0000136c                __vector_offset_45 = DEFINED (__vector_dispatch_45)?(. - _ebase_address):__vector_offset_default
 *(.vector_45)
                0x0000136c                __vector_offset_46 = DEFINED (__vector_dispatch_46)?(. - _ebase_address):__vector_offset_default
 *(.vector_46)
                0x0000136c                __vector_offset_47 = DEFINED (__vector_dispatch_47)?(. - _ebase_address):__vector_offset_default
 *(.vector_47)
                0x0000136c                __vector_offset_48 = DEFINED (__vector_dispatch_48)?(. - _ebase_address):__vector_offset_default
 *(.vector_48)
                0x0000136c                __vector_offset_49 = DEFINED (__vector_dispatch_49)?(. - _ebase_address):__vector_offset_default
 *(.vector_49)
                0x0000136c                __vector_offset_50 = DEFINED (__vector_dispatch_50)?(. - _ebase_address):__vector_offset_default
 *(.vector_50)
                0x0000136c                __vector_offset_51 = DEFINED (__vector_dispatch_51)?(. - _ebase_address):__vector_offset_default
 *(.vector_51)
                0x0000136c                __vector_offset_52 = DEFINED (__vector_dispatch_52)?(. - _ebase_address):__vector_offset_default
 *(.vector_52)
                0x0000136c                __vector_offset_53 = DEFINED (__vector_dispatch_53)?(. - _ebase_address):__vector_offset_default
 *(.vector_53)
                0x0000136c                __vector_offset_54 = DEFINED (__vector_dispatch_54)?(. - _ebase_address):__vector_offset_default
 *(.vector_54)
                0x0000136c                __vector_offset_55 = DEFINED (__vector_dispatch_55)?(. - _ebase_address):__vector_offset_default
 *(.vector_55)
                0x0000136c                __vector_offset_56 = DEFINED (__vector_dispatch_56)?(. - _ebase_address):__vector_offset_default
 *(.vector_56)
                0x0000136c                __vector_offset_57 = DEFINED (__vector_dispatch_57)?(. - _ebase_address):__vector_offset_default
 *(.vector_57)
                0x0000136c                __vector_offset_58 = DEFINED (__vector_dispatch_58)?(. - _ebase_address):__vector_offset_default
 *(.vector_58)
                0x0000136c                __vector_offset_59 = DEFINED (__vector_dispatch_59)?(. - _ebase_address):__vector_offset_default
 *(.vector_59)
                0x0000136c                __vector_offset_60 = DEFINED (__vector_dispatch_60)?(. - _ebase_address):__vector_offset_default
 *(.vector_60)
                0x0000136c                __vector_offset_61 = DEFINED (__vector_dispatch_61)?(. - _ebase_address):__vector_offset_default
 *(.vector_61)
                0x0000136c                __vector_offset_62 = DEFINED (__vector_dispatch_62)?(. - _ebase_address):__vector_offset_default
 *(.vector_62)
                0x0000136c                __vector_offset_63 = DEFINED (__vector_dispatch_63)?(. - _ebase_address):__vector_offset_default
 *(.vector_63)
                0x0000136c                __vector_offset_64 = DEFINED (__vector_dispatch_64)?(. - _ebase_address):__vector_offset_default
 *(.vector_64)
                0x0000136c                __vector_offset_65 = DEFINED (__vector_dispatch_65)?(. - _ebase_address):__vector_offset_default
 *(.vector_65)
                0x0000136c                __vector_offset_66 = DEFINED (__vector_dispatch_66)?(. - _ebase_address):__vector_offset_default
 *(.vector_66)
                0x0000136c                __vector_offset_67 = DEFINED (__vector_dispatch_67)?(. - _ebase_address):__vector_offset_default
 *(.vector_67)
                0x0000136c                __vector_offset_68 = DEFINED (__vector_dispatch_68)?(. - _ebase_address):__vector_offset_default
 *(.vector_68)
                0x0000136c                __vector_offset_69 = DEFINED (__vector_dispatch_69)?(. - _ebase_address):__vector_offset_default
 *(.vector_69)
                0x0000136c                __vector_offset_70 = DEFINED (__vector_dispatch_70)?(. - _ebase_address):__vector_offset_default
 *(.vector_70)
                0x0000136c                __vector_offset_71 = DEFINED (__vector_dispatch_71)?(. - _ebase_address):__vector_offset_default
 *(.vector_71)
                0x0000136c                __vector_offset_72 = DEFINED (__vector_dispatch_72)?(. - _ebase_address):__vector_offset_default
 *(.vector_72)
                0x0000136c                __vector_offset_73 = DEFINED (__vector_dispatch_73)?(. - _ebase_address):__vector_offset_default
 *(.vector_73)
                0x0000136c                __vector_offset_74 = DEFINED (__vector_dispatch_74)?(. - _ebase_address):__vector_offset_default
 *(.vector_74)
                0x0000136c                __vector_offset_75 = DEFINED (__vector_dispatch_75)?(. - _ebase_address):__vector_offset_default
 *(.vector_75)
                0x0000136c                __vector_offset_76 = DEFINED (__vector_dispatch_76)?(. - _ebase_address):__vector_offset_default
 *(.vector_76)
                0x0000136c                __vector_offset_77 = DEFINED (__vector_dispatch_77)?(. - _ebase_address):__vector_offset_default
 *(.vector_77)
                0x0000136c                __vector_offset_78 = DEFINED (__vector_dispatch_78)?(. - _ebase_address):__vector_offset_default
 *(.vector_78)
                0x0000136c                __vector_offset_79 = DEFINED (__vector_dispatch_79)?(. - _ebase_address):__vector_offset_default
 *(.vector_79)
                0x0000136c                __vector_offset_80 = DEFINED (__vector_dispatch_80)?(. - _ebase_address):__vector_offset_default
 *(.vector_80)
                0x0000136c                __vector_offset_81 = DEFINED (__vector_dispatch_81)?(. - _ebase_address):__vector_offset_default
 *(.vector_81)
                0x0000136c                __vector_offset_82 = DEFINED (__vector_dispatch_82)?(. - _ebase_address):__vector_offset_default
 *(.vector_82)
                0x0000136c                __vector_offset_83 = DEFINED (__vector_dispatch_83)?(. - _ebase_address):__vector_offset_default
 *(.vector_83)
                0x0000136c                __vector_offset_84 = DEFINED (__vector_dispatch_84)?(. - _ebase_address):__vector_offset_default
 *(.vector_84)
                0x0000136c                __vector_offset_85 = DEFINED (__vector_dispatch_85)?(. - _ebase_address):__vector_offset_default
 *(.vector_85)
                0x0000136c                __vector_offset_86 = DEFINED (__vector_dispatch_86)?(. - _ebase_address):__vector_offset_default
 *(.vector_86)
                0x0000136c                __vector_offset_87 = DEFINED (__vector_dispatch_87)?(. - _ebase_address):__vector_offset_default
 *(.vector_87)
                0x0000136c                __vector_offset_88 = DEFINED (__vector_dispatch_88)?(. - _ebase_address):__vector_offset_default
 *(.vector_88)
                0x0000136c                __vector_offset_89 = DEFINED (__vector_dispatch_89)?(. - _ebase_address):__vector_offset_default
 *(.vector_89)
                0x0000136c                __vector_offset_90 = DEFINED (__vector_dispatch_90)?(. - _ebase_address):__vector_offset_default
 *(.vector_90)
                0x0000136c                __vector_offset_91 = DEFINED (__vector_dispatch_91)?(. - _ebase_address):__vector_offset_default
 *(.vector_91)
                0x0000136c                __vector_offset_92 = DEFINED (__vector_dispatch_92)?(. - _ebase_address):__vector_offset_default
 *(.vector_92)
                0x0000136c                __vector_offset_93 = DEFINED (__vector_dispatch_93)?(. - _ebase_address):__vector_offset_default
 *(.vector_93)
                0x0000136c                __vector_offset_94 = DEFINED (__vector_dispatch_94)?(. - _ebase_address):__vector_offset_default
 *(.vector_94)
                0x0000136c                __vector_offset_95 = DEFINED (__vector_dispatch_95)?(. - _ebase_address):__vector_offset_default
 *(.vector_95)
                0x0000136c                __vector_offset_96 = DEFINED (__vector_dispatch_96)?(. - _ebase_address):__vector_offset_default
 *(.vector_96)
                0x0000136c                __vector_offset_97 = DEFINED (__vector_dispatch_97)?(. - _ebase_address):__vector_offset_default
 *(.vector_97)
                0x0000136c                __vector_offset_98 = DEFINED (__vector_dispatch_98)?(. - _ebase_address):__vector_offset_default
 *(.vector_98)
                0x0000136c                __vector_offset_99 = DEFINED (__vector_dispatch_99)?(. - _ebase_address):__vector_offset_default
 *(.vector_99)
                0x0000136c                __vector_offset_100 = DEFINED (__vector_dispatch_100)?(. - _ebase_address):__vector_offset_default
 *(.vector_100)
                0x0000136c                __vector_offset_101 = DEFINED (__vector_dispatch_101)?(. - _ebase_address):__vector_offset_default
 *(.vector_101)
                0x0000136c                __vector_offset_102 = DEFINED (__vector_dispatch_102)?(. - _ebase_address):__vector_offset_default
 *(.vector_102)
                0x0000136c                __vector_offset_103 = DEFINED (__vector_dispatch_103)?(. - _ebase_address):__vector_offset_default
 *(.vector_103)
                0x0000136c                __vector_offset_104 = DEFINED (__vector_dispatch_104)?(. - _ebase_address):__vector_offset_default
 *(.vector_104)
                0x0000136c                __vector_offset_105 = DEFINED (__vector_dispatch_105)?(. - _ebase_address):__vector_offset_default
 *(.vector_105)
                0x0000136c                __vector_offset_106 = DEFINED (__vector_dispatch_106)?(. - _ebase_address):__vector_offset_default
 *(.vector_106)
                0x0000136c                __vector_offset_107 = DEFINED (__vector_dispatch_107)?(. - _ebase_address):__vector_offset_default
 *(.vector_107)
                0x0000136c                __vector_offset_108 = DEFINED (__vector_dispatch_108)?(. - _ebase_address):__vector_offset_default
 *(.vector_108)
                0x0000136c                __vector_offset_109 = DEFINED (__vector_dispatch_109)?(. - _ebase_address):__vector_offset_default
 *(.vector_109)
                0x0000136c                __vector_offset_110 = DEFINED (__vector_dispatch_110)?(. - _ebase_address):__vector_offset_default
 *(.vector_110)
                0x0000136c                __vector_offset_111 = DEFINED (__vector_dispatch_111)?(. - _ebase_address):__vector_offset_default
 *(.vector_111)
                0x0000136c                __vector_offset_112 = DEFINED (__vector_dispatch_112)?(. - _ebase_address):__vector_offset_default
 *(.vector_112)
                0x0000136c                __vector_offset_113 = DEFINED (__vector_dispatch_113)?(. - _ebase_address):__vector_offset_default
 *(.vector_113)
                0x0000136c                __vector_offset_114 = DEFINED (__vector_dispatch_114)?(. - _ebase_address):__vector_offset_default
 *(.vector_114)
                0x0000136c                __vector_offset_115 = DEFINED (__vector_dispatch_115)?(. - _ebase_address):__vector_offset_default
 *(.vector_115)
                0x0000136c                __vector_offset_116 = DEFINED (__vector_dispatch_116)?(. - _ebase_address):__vector_offset_default
 *(.vector_116)
                0x0000136c                __vector_offset_117 = DEFINED (__vector_dispatch_117)?(. - _ebase_address):__vector_offset_default
 *(.vector_117)
                0x0000136c                __vector_offset_118 = DEFINED (__vector_dispatch_118)?(. - _ebase_address):__vector_offset_default
 *(.vector_118)
                0x0000136c                __vector_offset_119 = DEFINED (__vector_dispatch_119)?(. - _ebase_address):__vector_offset_default
 *(.vector_119)
                0x0000136c                __vector_offset_120 = DEFINED (__vector_dispatch_120)?(. - _ebase_address):__vector_offset_default
 *(.vector_120)
                0x0000136c                __vector_offset_121 = DEFINED (__vector_dispatch_121)?(. - _ebase_address):__vector_offset_default
 *(.vector_121)
                0x0000136c                __vector_offset_122 = DEFINED (__vector_dispatch_122)?(. - _ebase_address):__vector_offset_default
 *(.vector_122)
                0x0000136c                __vector_offset_123 = DEFINED (__vector_dispatch_123)?(. - _ebase_address):__vector_offset_default
 *(.vector_123)
                0x0000136c                __vector_offset_124 = DEFINED (__vector_dispatch_124)?(. - _ebase_address):__vector_offset_default
 *(.vector_124)
                0x0000136c                __vector_offset_125 = DEFINED (__vector_dispatch_125)?(. - _ebase_address):__vector_offset_default
 *(.vector_125)
                0x0000136c                __vector_offset_126 = DEFINED (__vector_dispatch_126)?(. - _ebase_address):__vector_offset_default
 *(.vector_126)
                0x0000136c                __vector_offset_127 = DEFINED (__vector_dispatch_127)?(. - _ebase_address):__vector_offset_default
 *(.vector_127)
                0x0000136c                __vector_offset_128 = DEFINED (__vector_dispatch_128)?(. - _ebase_address):__vector_offset_default
 *(.vector_128)
                0x0000136c                __vector_offset_129 = DEFINED (__vector_dispatch_129)?(. - _ebase_address):__vector_offset_default
 *(.vector_129)
                0x0000136c                __vector_offset_130 = DEFINED (__vector_dispatch_130)?(. - _ebase_address):__vector_offset_default
 *(.vector_130)
                0x0000136c                __vector_offset_131 = DEFINED (__vector_dispatch_131)?(. - _ebase_address):__vector_offset_default
 *(.vector_131)
                0x0000136c                __vector_offset_132 = DEFINED (__vector_dispatch_132)?(. - _ebase_address):__vector_offset_default
 *(.vector_132)
                0x0000136c                __vector_offset_133 = DEFINED (__vector_dispatch_133)?(. - _ebase_address):__vector_offset_default
 *(.vector_133)
                0x0000136c                __vector_offset_134 = DEFINED (__vector_dispatch_134)?(. - _ebase_address):__vector_offset_default
 *(.vector_134)
                0x0000136c                __vector_offset_135 = DEFINED (__vector_dispatch_135)?(. - _ebase_address):__vector_offset_default
 *(.vector_135)
                0x0000136c                __vector_offset_136 = DEFINED (__vector_dispatch_136)?(. - _ebase_address):__vector_offset_default
 *(.vector_136)
                0x0000136c                __vector_offset_137 = DEFINED (__vector_dispatch_137)?(. - _ebase_address):__vector_offset_default
 *(.vector_137)
                0x0000136c                __vector_offset_138 = DEFINED (__vector_dispatch_138)?(. - _ebase_address):__vector_offset_default
 *(.vector_138)
                0x0000136c                __vector_offset_139 = DEFINED (__vector_dispatch_139)?(. - _ebase_address):__vector_offset_default
 *(.vector_139)
                0x0000136c                __vector_offset_140 = DEFINED (__vector_dispatch_140)?(. - _ebase_address):__vector_offset_default
 *(.vector_140)
                0x0000136c                __vector_offset_141 = DEFINED (__vector_dispatch_141)?(. - _ebase_address):__vector_offset_default
 *(.vector_141)
                0x0000136c                __vector_offset_142 = DEFINED (__vector_dispatch_142)?(. - _ebase_address):__vector_offset_default
 *(.vector_142)
                0x0000136c                __vector_offset_143 = DEFINED (__vector_dispatch_143)?(. - _ebase_address):__vector_offset_default
 *(.vector_143)
                0x0000136c                __vector_offset_144 = DEFINED (__vector_dispatch_144)?(. - _ebase_address):__vector_offset_default
 *(.vector_144)
                0x0000136c                __vector_offset_145 = DEFINED (__vector_dispatch_145)?(. - _ebase_address):__vector_offset_default
 *(.vector_145)
                0x0000136c                __vector_offset_146 = DEFINED (__vector_dispatch_146)?(. - _ebase_address):__vector_offset_default
 *(.vector_146)
                0x0000136c                __vector_offset_147 = DEFINED (__vector_dispatch_147)?(. - _ebase_address):__vector_offset_default
 *(.vector_147)
                0x0000136c                __vector_offset_148 = DEFINED (__vector_dispatch_148)?(. - _ebase_address):__vector_offset_default
 *(.vector_148)
                0x0000136c                __vector_offset_149 = DEFINED (__vector_dispatch_149)?(. - _ebase_address):__vector_offset_default
 *(.vector_149)
                0x0000136c                __vector_offset_150 = DEFINED (__vector_dispatch_150)?(. - _ebase_address):__vector_offset_default
 *(.vector_150)
                0x0000136c                __vector_offset_151 = DEFINED (__vector_dispatch_151)?(. - _ebase_address):__vector_offset_default
 *(.vector_151)
                0x0000136c                __vector_offset_152 = DEFINED (__vector_dispatch_152)?(. - _ebase_address):__vector_offset_default
 *(.vector_152)
                0x0000136c                __vector_offset_153 = DEFINED (__vector_dispatch_153)?(. - _ebase_address):__vector_offset_default
 *(.vector_153)
                0x0000136c                __vector_offset_154 = DEFINED (__vector_dispatch_154)?(. - _ebase_address):__vector_offset_default
 *(.vector_154)
                0x0000136c                __vector_offset_155 = DEFINED (__vector_dispatch_155)?(. - _ebase_address):__vector_offset_default
 *(.vector_155)
                0x0000136c                __vector_offset_156 = DEFINED (__vector_dispatch_156)?(. - _ebase_address):__vector_offset_default
 *(.vector_156)
                0x0000136c                __vector_offset_157 = DEFINED (__vector_dispatch_157)?(. - _ebase_address):__vector_offset_default
 *(.vector_157)
                0x0000136c                __vector_offset_158 = DEFINED (__vector_dispatch_158)?(. - _ebase_address):__vector_offset_default
 *(.vector_158)
                0x0000136c                __vector_offset_159 = DEFINED (__vector_dispatch_159)?(. - _ebase_address):__vector_offset_default
 *(.vector_159)
                0x0000136c                __vector_offset_160 = DEFINED (__vector_dispatch_160)?(. - _ebase_address):__vector_offset_default
 *(.vector_160)
                0x0000136c                __vector_offset_161 = DEFINED (__vector_dispatch_161)?(. - _ebase_address):__vector_offset_default
 *(.vector_161)
                0x0000136c                __vector_offset_162 = DEFINED (__vector_dispatch_162)?(. - _ebase_address):__vector_offset_default
 *(.vector_162)
                0x0000136c                __vector_offset_163 = DEFINED (__vector_dispatch_163)?(. - _ebase_address):__vector_offset_default
 *(.vector_163)
                0x0000136c                __vector_offset_164 = DEFINED (__vector_dispatch_164)?(. - _ebase_address):__vector_offset_default
 *(.vector_164)
                0x0000136c                __vector_offset_165 = DEFINED (__vector_dispatch_165)?(. - _ebase_address):__vector_offset_default
 *(.vector_165)
                0x0000136c                __vector_offset_166 = DEFINED (__vector_dispatch_166)?(. - _ebase_address):__vector_offset_default
 *(.vector_166)
                0x0000136c                __vector_offset_167 = DEFINED (__vector_dispatch_167)?(. - _ebase_address):__vector_offset_default
 *(.vector_167)
                0x0000136c                __vector_offset_168 = DEFINED (__vector_dispatch_168)?(. - _ebase_address):__vector_offset_default
 *(.vector_168)
                0x0000136c                __vector_offset_169 = DEFINED (__vector_dispatch_169)?(. - _ebase_address):__vector_offset_default
 *(.vector_169)
                0x0000136c                __vector_offset_170 = DEFINED (__vector_dispatch_170)?(. - _ebase_address):__vector_offset_default
 *(.vector_170)
                0x0000136c                __vector_offset_171 = DEFINED (__vector_dispatch_171)?(. - _ebase_address):__vector_offset_default
 *(.vector_171)
                0x0000136c                __vector_offset_172 = DEFINED (__vector_dispatch_172)?(. - _ebase_address):__vector_offset_default
 *(.vector_172)
                0x0000136c                __vector_offset_173 = DEFINED (__vector_dispatch_173)?(. - _ebase_address):__vector_offset_default
 *(.vector_173)
                0x0000136c                __vector_offset_174 = DEFINED (__vector_dispatch_174)?(. - _ebase_address):__vector_offset_default
 *(.vector_174)
                0x0000136c                __vector_offset_175 = DEFINED (__vector_dispatch_175)?(. - _ebase_address):__vector_offset_default
 *(.vector_175)
                0x0000136c                __vector_offset_176 = DEFINED (__vector_dispatch_176)?(. - _ebase_address):__vector_offset_default
 *(.vector_176)
                0x0000136c                __vector_offset_177 = DEFINED (__vector_dispatch_177)?(. - _ebase_address):__vector_offset_default
 *(.vector_177)
                0x0000136c                __vector_offset_178 = DEFINED (__vector_dispatch_178)?(. - _ebase_address):__vector_offset_default
 *(.vector_178)
                0x0000136c                __vector_offset_179 = DEFINED (__vector_dispatch_179)?(. - _ebase_address):__vector_offset_default
 *(.vector_179)
                0x0000136c                __vector_offset_180 = DEFINED (__vector_dispatch_180)?(. - _ebase_address):__vector_offset_default
 *(.vector_180)
                0x0000136c                __vector_offset_181 = DEFINED (__vector_dispatch_181)?(. - _ebase_address):__vector_offset_default
 *(.vector_181)
                0x0000136c                __vector_offset_182 = DEFINED (__vector_dispatch_182)?(. - _ebase_address):__vector_offset_default
 *(.vector_182)
                0x0000136c                __vector_offset_183 = DEFINED (__vector_dispatch_183)?(. - _ebase_address):__vector_offset_default
 *(.vector_183)
                0x0000136c                __vector_offset_184 = DEFINED (__vector_dispatch_184)?(. - _ebase_address):__vector_offset_default
 *(.vector_184)
                0x0000136c                __vector_offset_185 = DEFINED (__vector_dispatch_185)?(. - _ebase_address):__vector_offset_default
 *(.vector_185)
                0x0000136c                __vector_offset_186 = DEFINED (__vector_dispatch_186)?(. - _ebase_address):__vector_offset_default
 *(.vector_186)
                0x0000136c                __vector_offset_187 = DEFINED (__vector_dispatch_187)?(. - _ebase_address):__vector_offset_default
 *(.vector_187)
                0x0000136c                __vector_offset_188 = DEFINED (__vector_dispatch_188)?(. - _ebase_address):__vector_offset_default
 *(.vector_188)
                0x0000136c                __vector_offset_189 = DEFINED (__vector_dispatch_189)?(. - _ebase_address):__vector_offset_default
 *(.vector_189)
                0x0000136c                __vector_offset_190 = DEFINED (__vector_dispatch_190)?(. - _ebase_address):__vector_offset_default
 *(.vector_190)
                0x0000136c                __vector_offset_191 = DEFINED (__vector_dispatch_191)?(. - _ebase_address):__vector_offset_default
 *(.vector_191)
                0x0000136c                __vector_offset_192 = DEFINED (__vector_dispatch_192)?(. - _ebase_address):__vector_offset_default
 *(.vector_192)
                0x0000136c                __vector_offset_193 = DEFINED (__vector_dispatch_193)?(. - _ebase_address):__vector_offset_default
 *(.vector_193)
                0x0000136c                __vector_offset_194 = DEFINED (__vector_dispatch_194)?(. - _ebase_address):__vector_offset_default
 *(.vector_194)
                0x0000136c                __vector_offset_195 = DEFINED (__vector_dispatch_195)?(. - _ebase_address):__vector_offset_default
 *(.vector_195)
                0x0000136c                __vector_offset_196 = DEFINED (__vector_dispatch_196)?(. - _ebase_address):__vector_offset_default
 *(.vector_196)
                0x0000136c                __vector_offset_197 = DEFINED (__vector_dispatch_197)?(. - _ebase_address):__vector_offset_default
 *(.vector_197)
                0x0000136c                __vector_offset_198 = DEFINED (__vector_dispatch_198)?(. - _ebase_address):__vector_offset_default
 *(.vector_198)
                0x0000136c                __vector_offset_199 = DEFINED (__vector_dispatch_199)?(. - _ebase_address):__vector_offset_default
 *(.vector_199)
                0x0000136c                __vector_offset_200 = DEFINED (__vector_dispatch_200)?(. - _ebase_address):__vector_offset_default
 *(.vector_200)
                0x0000136c                __vector_offset_201 = DEFINED (__vector_dispatch_201)?(. - _ebase_address):__vector_offset_default
 *(.vector_201)
                0x0000136c                __vector_offset_202 = DEFINED (__vector_dispatch_202)?(. - _ebase_address):__vector_offset_default
 *(.vector_202)
                0x0000136c                __vector_offset_203 = DEFINED (__vector_dispatch_203)?(. - _ebase_address):__vector_offset_default
 *(.vector_203)
                0x0000136c                __vector_offset_204 = DEFINED (__vector_dispatch_204)?(. - _ebase_address):__vector_offset_default
 *(.vector_204)
                0x0000136c                __vector_offset_205 = DEFINED (__vector_dispatch_205)?(. - _ebase_address):__vector_offset_default
 *(.vector_205)
                0x0000136c                __vector_offset_206 = DEFINED (__vector_dispatch_206)?(. - _ebase_address):__vector_offset_default
 *(.vector_206)
                0x0000136c                __vector_offset_207 = DEFINED (__vector_dispatch_207)?(. - _ebase_address):__vector_offset_default
 *(.vector_207)
                0x0000136c                __vector_offset_208 = DEFINED (__vector_dispatch_208)?(. - _ebase_address):__vector_offset_default
 *(.vector_208)
                0x0000136c                __vector_offset_209 = DEFINED (__vector_dispatch_209)?(. - _ebase_address):__vector_offset_default
 *(.vector_209)
                0x0000136c                __vector_offset_210 = DEFINED (__vector_dispatch_210)?(. - _ebase_address):__vector_offset_default
 *(.vector_210)
                0x0000136c                __vector_offset_211 = DEFINED (__vector_dispatch_211)?(. - _ebase_address):__vector_offset_default
 *(.vector_211)
                0x0000136c                __vector_offset_212 = DEFINED (__vector_dispatch_212)?(. - _ebase_address):__vector_offset_default
 *(.vector_212)
                0x0000136c                __vector_offset_213 = DEFINED (__vector_dispatch_213)?(. - _ebase_address):__vector_offset_default
 *(.vector_213)
                0x0000136c                __vector_offset_214 = DEFINED (__vector_dispatch_214)?(. - _ebase_address):__vector_offset_default
 *(.vector_214)
                0x0000136c                __vector_offset_215 = DEFINED (__vector_dispatch_215)?(. - _ebase_address):__vector_offset_default
 *(.vector_215)
                0x0000136c                __vector_offset_216 = DEFINED (__vector_dispatch_216)?(. - _ebase_address):__vector_offset_default
 *(.vector_216)
                0x0000136c                __vector_offset_217 = DEFINED (__vector_dispatch_217)?(. - _ebase_address):__vector_offset_default
 *(.vector_217)
                0x0000136c                __vector_offset_218 = DEFINED (__vector_dispatch_218)?(. - _ebase_address):__vector_offset_default
 *(.vector_218)
                0x0000136c                __vector_offset_219 = DEFINED (__vector_dispatch_219)?(. - _ebase_address):__vector_offset_default
 *(.vector_219)
                0x0000136c                __vector_offset_220 = DEFINED (__vector_dispatch_220)?(. - _ebase_address):__vector_offset_default
 *(.vector_220)
                0x0000136c                __vector_offset_221 = DEFINED (__vector_dispatch_221)?(. - _ebase_address):__vector_offset_default
 *(.vector_221)
                0x0000136c                __vector_offset_222 = DEFINED (__vector_dispatch_222)?(. - _ebase_address):__vector_offset_default
 *(.vector_222)
                0x0000136c                __vector_offset_223 = DEFINED (__vector_dispatch_223)?(. - _ebase_address):__vector_offset_default
 *(.vector_223)
                0x0000136c                __vector_offset_224 = DEFINED (__vector_dispatch_224)?(. - _ebase_address):__vector_offset_default
 *(.vector_224)
                0x0000136c                __vector_offset_225 = DEFINED (__vector_dispatch_225)?(. - _ebase_address):__vector_offset_default
 *(.vector_225)
                0x0000136c                __vector_offset_226 = DEFINED (__vector_dispatch_226)?(. - _ebase_address):__vector_offset_default
 *(.vector_226)
                0x0000136c                __vector_offset_227 = DEFINED (__vector_dispatch_227)?(. - _ebase_address):__vector_offset_default
 *(.vector_227)
                0x0000136c                __vector_offset_228 = DEFINED (__vector_dispatch_228)?(. - _ebase_address):__vector_offset_default
 *(.vector_228)
                0x0000136c                __vector_offset_229 = DEFINED (__vector_dispatch_229)?(. - _ebase_address):__vector_offset_default
 *(.vector_229)
                0x0000136c                __vector_offset_230 = DEFINED (__vector_dispatch_230)?(. - _ebase_address):__vector_offset_default
 *(.vector_230)
                0x0000136c                __vector_offset_231 = DEFINED (__vector_dispatch_231)?(. - _ebase_address):__vector_offset_default
 *(.vector_231)
                0x0000136c                __vector_offset_232 = DEFINED (__vector_dispatch_232)?(. - _ebase_address):__vector_offset_default
 *(.vector_232)
                0x0000136c                __vector_offset_233 = DEFINED (__vector_dispatch_233)?(. - _ebase_address):__vector_offset_default
 *(.vector_233)
                0x0000136c                __vector_offset_234 = DEFINED (__vector_dispatch_234)?(. - _ebase_address):__vector_offset_default
 *(.vector_234)
                0x0000136c                __vector_offset_235 = DEFINED (__vector_dispatch_235)?(. - _ebase_address):__vector_offset_default
 *(.vector_235)
                0x0000136c                __vector_offset_236 = DEFINED (__vector_dispatch_236)?(. - _ebase_address):__vector_offset_default
 *(.vector_236)
                0x0000136c                __vector_offset_237 = DEFINED (__vector_dispatch_237)?(. - _ebase_address):__vector_offset_default
 *(.vector_237)
                0x0000136c                __vector_offset_238 = DEFINED (__vector_dispatch_238)?(. - _ebase_address):__vector_offset_default
 *(.vector_238)
                0x0000136c                __vector_offset_239 = DEFINED (__vector_dispatch_239)?(. - _ebase_address):__vector_offset_default
 *(.vector_239)
                0x0000136c                __vector_offset_240 = DEFINED (__vector_dispatch_240)?(. - _ebase_address):__vector_offset_default
 *(.vector_240)
                0x0000136c                __vector_offset_241 = DEFINED (__vector_dispatch_241)?(. - _ebase_address):__vector_offset_default
 *(.vector_241)
                0x0000136c                __vector_offset_242 = DEFINED (__vector_dispatch_242)?(. - _ebase_address):__vector_offset_default
 *(.vector_242)
                0x0000136c                __vector_offset_243 = DEFINED (__vector_dispatch_243)?(. - _ebase_address):__vector_offset_default
 *(.vector_243)
                0x0000136c                __vector_offset_244 = DEFINED (__vector_dispatch_244)?(. - _ebase_address):__vector_offset_default
 *(.vector_244)
                0x0000136c                __vector_offset_245 = DEFINED (__vector_dispatch_245)?(. - _ebase_address):__vector_offset_default
 *(.vector_245)
                0x0000136c                __vector_offset_246 = DEFINED (__vector_dispatch_246)?(. - _ebase_address):__vector_offset_default
 *(.vector_246)
                0x0000136c                __vector_offset_247 = DEFINED (__vector_dispatch_247)?(. - _ebase_address):__vector_offset_default
 *(.vector_247)
                0x0000136c                __vector_offset_248 = DEFINED (__vector_dispatch_248)?(. - _ebase_address):__vector_offset_default
 *(.vector_248)
                0x0000136c                __vector_offset_249 = DEFINED (__vector_dispatch_249)?(. - _ebase_address):__vector_offset_default
 *(.vector_249)
                0x0000136c                __vector_offset_250 = DEFINED (__vector_dispatch_250)?(. - _ebase_address):__vector_offset_default
 *(.vector_250)
                0x0000136c                __vector_offset_251 = DEFINED (__vector_dispatch_251)?(. - _ebase_address):__vector_offset_default
 *(.vector_251)
                0x0000136c                __vector_offset_252 = DEFINED (__vector_dispatch_252)?(. - _ebase_address):__vector_offset_default
 *(.vector_252)
                0x0000136c                __vector_offset_253 = DEFINED (__vector_dispatch_253)?(. - _ebase_address):__vector_offset_default
 *(.vector_253)
                0x0000136c                __vector_offset_254 = DEFINED (__vector_dispatch_254)?(. - _ebase_address):__vector_offset_default
 *(.vector_254)
                0x0000136c                __vector_offset_255 = DEFINED (__vector_dispatch_255)?(. - _ebase_address):__vector_offset_default
 *(.vector_255)
                0x0000136c                __vector_offset_default = (. - _ebase_address)
 *(.vector_default)

.user_interrupt
 *(.user_interrupt)

.startup        0x9d00136c      0x1d4
 *(.startup)
 .startup       0x9d00136c      0x1d4 /tmp/ccQkghE3.o

.text           0x9d001540       0x88
 *(.stub .gnu.linkonce.t.*)
 .gnu.linkonce.t._ZN11Cariad11startBufferEv
                0x9d001540        0x8 /home/matt/.uecide/cache/chipkit/chipkit-wifire-fpu/librepo_SSD1289.a(SSD1289.cpp.o)
                0x9d001540                Cariad::startBuffer()
 .gnu.linkonce.t._ZN11Cariad9endBufferEv
                0x9d001548        0x8 /home/matt/.uecide/cache/chipkit/chipkit-wifire-fpu/librepo_SSD1289.a(SSD1289.cpp.o)
                0x9d001548                Cariad::endBuffer()
 .gnu.linkonce.t._ZN11Cariad15enableBacklightEv
                0x9d001550        0x8 /home/matt/.uecide/cache/chipkit/chipkit-wifire-fpu/librepo_SSD1289.a(SSD1289.cpp.o)
                0x9d001550                Cariad::enableBacklight()
 .gnu.linkonce.t._ZN11Cariad16disableBacklightEv
                0x9d001558        0x8 /home/matt/.uecide/cache/chipkit/chipkit-wifire-fpu/librepo_SSD1289.a(SSD1289.cpp.o)
                0x9d001558                Cariad::disableBacklight()
 .gnu.linkonce.t._ZN11Cariad12setBacklightEi
                0x9d001560        0x8 /home/matt/.uecide/cache/chipkit/chipkit-wifire-fpu/librepo_SSD1289.a(SSD1289.cpp.o)
                0x9d001560                Cariad::setBacklight(int)
 .gnu.linkonce.t._ZN7SSD12899displayOnEv
                0x9d001568        0x8 /home/matt/.uecide/cache/chipkit/chipkit-wifire-fpu/librepo_SSD1289.a(SSD1289.cpp.o)
                0x9d001568                SSD1289::displayOn()
 .gnu.linkonce.t._ZN7SSD128910displayOffEv
                0x9d001570        0x8 /home/matt/.uecide/cache/chipkit/chipkit-wifire-fpu/librepo_SSD1289.a(SSD1289.cpp.o)
                0x9d001570                SSD1289::displayOff()
 .gnu.linkonce.t._ZN5Print5writeEPKc
                0x9d001578       0x50 /home/matt/.uecide/cache/chipkit/chipkit-wifire-fpu/libCore_api.a(Print.cpp.o)
                0x9d001578                Print::write(char const*)
 *(.text.*personality*)
 *(.mips16.fn.*)
 *(.mips16.call.*)
 *(.gnu.warning)
                0x9d0015c8                . = ALIGN (0x4)

.init           0x9d0015c8       0x24
 *crti.o(.init)
 *crtbegin.o(.init)
 .init          0x9d0015c8        0x8 /home/matt/.uecide/compilers/pic32-tools-pre/bin/bin/../../lib/gcc/pic32mx/4.8.3/size/fpu64/crtbegin.o
 *(EXCLUDE_FILE(*crtn.o *crtend?.o *crtend.o) .init)
 .init          0x9d0015d0        0x8 /home/matt/.uecide/cache/chipkit/chipkit-wifire-fpu/libCore_api.a(crti.S.o)
                0x9d0015d0                _init
 *crtend.o(.init)
 .init          0x9d0015d8        0x8 /home/matt/.uecide/compilers/pic32-tools-pre/bin/bin/../../lib/gcc/pic32mx/4.8.3/size/fpu64/crtend.o
 *crtn.o(.init)
 .init          0x9d0015e0        0xc /home/matt/.uecide/compilers/pic32-tools-pre/bin/bin/../../lib/gcc/pic32mx/4.8.3/size/fpu64/crtn.o
                0x9d0015ec                . = ALIGN (0x4)

.fini           0x9d0015ec       0x1c
 *(.fini)
 .fini          0x9d0015ec        0x8 /home/matt/.uecide/cache/chipkit/chipkit-wifire-fpu/libCore_api.a(crti.S.o)
                0x9d0015ec                _fini
 .fini          0x9d0015f4        0x8 /home/matt/.uecide/compilers/pic32-tools-pre/bin/bin/../../lib/gcc/pic32mx/4.8.3/size/fpu64/crtbegin.o
 .fini          0x9d0015fc        0xc /home/matt/.uecide/compilers/pic32-tools-pre/bin/bin/../../lib/gcc/pic32mx/4.8.3/size/fpu64/crtn.o
                0x9d001608                . = ALIGN (0x4)

.preinit_array  0x9d001608        0x0
                0x9d001608                PROVIDE (__preinit_array_start, .)
 *(.preinit_array)
                0x9d001608                PROVIDE (__preinit_array_end, .)
                0x9d001608                . = ALIGN (0x4)

.init_array     0x9d001608        0x0
                0x9d001608                PROVIDE (__init_array_start, .)
 *(SORT(.init_array.*))
 *(.init_array)
                0x9d001608                PROVIDE (__init_array_end, .)
                0x9d001608                . = ALIGN (0x4)

.fini_array     0x9d001608        0x0
                0x9d001608                PROVIDE (__fini_array_start, .)
 *(SORT(.fini_array.*))
 *(.fini_array)
                0x9d001608                PROVIDE (__fini_array_end, .)
                0x9d001608                . = ALIGN (0x4)

.ctors          0x9d001608        0xc
 *crtbegin.o(.ctors)
 .ctors         0x9d001608        0x4 /home/matt/.uecide/compilers/pic32-tools-pre/bin/bin/../../lib/gcc/pic32mx/4.8.3/size/fpu64/crtbegin.o
 *crtbegin?.o(.ctors)
 *(EXCLUDE_FILE(*crtend?.o *crtend.o) .ctors)
 .ctors         0x9d00160c        0x4 /home/matt/DC/Cariad/Drivers/SSD1289/examples/Spectrum/build/Spectrum.cpp.o
 *(SORT(.ctors.*))
 *(.ctors)
 .ctors         0x9d001610        0x4 /home/matt/.uecide/compilers/pic32-tools-pre/bin/bin/../../lib/gcc/pic32mx/4.8.3/size/fpu64/crtend.o
                0x9d001614                . = ALIGN (0x4)

.dtors          0x9d001614        0x8
 *crtbegin.o(.dtors)
 .dtors         0x9d001614        0x4 /home/matt/.uecide/compilers/pic32-tools-pre/bin/bin/../../lib/gcc/pic32mx/4.8.3/size/fpu64/crtbegin.o
 *crtbegin?.o(.dtors)
 *(EXCLUDE_FILE(*crtend?.o *crtend.o) .dtors)
 *(SORT(.dtors.*))
 *(.dtors)
 .dtors         0x9d001618        0x4 /home/matt/.uecide/compilers/pic32-tools-pre/bin/bin/../../lib/gcc/pic32mx/4.8.3/size/fpu64/crtend.o
                0x9d001618                __DTOR_END__
                0x9d00161c                . = ALIGN (0x4)

.header_info    0x9d00161c       0x4c
                0x9d00161c                _image_header_info = .
                0x9d00161c        0x4 LONG 0x4c SIZEOF (.header_info)
                0x9d001620        0x4 LONG 0xffffffff
 *(.mpide_version *.mpide_version.*)
 .mpide_version._verMPIDE_Stub
                0x9d001624        0x4 /home/matt/.uecide/cache/chipkit/chipkit-wifire-fpu/libCore_api.a(wiring.c.o)
                0x9d001624                _verMPIDE_Stub
                0x9d001628        0x4 LONG 0xffffffff
                0x9d00162c        0x4 LONG 0xffffffff
                0x9d001630        0x4 LONG 0x1020001 _IMAGE_TYPE
                0x9d001634        0x4 LONG 0x9d001000 _JUMP_ADDR
                0x9d001638        0x4 LONG 0x9d000000 _ebase_address
                0x9d00163c        0x4 LONG 0x1fc000 _IMAGE_FLASH_SIZE
                0x9d001640        0x4 LONG 0x9d1fc000 ORIGIN (kseg0_eeprom_mem)
                0x9d001644        0x4 LONG 0x4000
                0x9d001648        0x4 LONG 0xbfc0ffc0 ORIGIN (configsfrs)
                0x9d00164c        0x4 LONG 0x10
                0x9d001650        0x4 LONG 0x80000380 _ram_header_addr
                0x9d001654        0x4 LONG 0x8 SIZEOF (.ram_exchange_data)
                0x9d001658        0x4 LONG 0xffffffff
                0x9d00165c        0x4 LONG 0x9d001018 _vector_0_addr
                0x9d001660        0x4 LONG 0x9d001018 _vector_0_addr
                0x9d001664        0x4 LONG 0x20 (_vector_spacing << 0x5)
                0x9d001668                _image_header_info_end = .
                0x00000001                ASSERT ((SIZEOF (.header_info) == 0x4c), MPIDE Version not specified correctly)

.rodata         0x9d001668      0x2a8
 *(.gnu.linkonce.r.*)
 .gnu.linkonce.r._ZTV7SSD1289._ZTV7SSD1289
                0x9d001668       0xf8 /home/matt/.uecide/cache/chipkit/chipkit-wifire-fpu/librepo_SSD1289.a(SSD1289.cpp.o)
                0x9d001668                vtable for SSD1289
 .gnu.linkonce.r._ZTI7SSD1289._ZTI7SSD1289
                0x9d001760        0xc /home/matt/.uecide/cache/chipkit/chipkit-wifire-fpu/librepo_SSD1289.a(SSD1289.cpp.o)
                0x9d001760                typeinfo for SSD1289
 .gnu.linkonce.r._ZTS7SSD1289._ZTS7SSD1289
                0x9d00176c        0xc /home/matt/.uecide/cache/chipkit/chipkit-wifire-fpu/librepo_SSD1289.a(SSD1289.cpp.o)
                0x9d00176c                typeinfo name for SSD1289
 .gnu.linkonce.r._ZTV11Cariad._ZTV11Cariad
                0x9d001778       0xe8 /home/matt/.uecide/cache/chipkit/chipkit-wifire-fpu/librepo_Cariad.a(Cariad_Circle.cpp.o)
                0x9d001778                vtable for Cariad
 .gnu.linkonce.r._ZTI11Cariad._ZTI11Cariad
                0x9d001860        0xc /home/matt/.uecide/cache/chipkit/chipkit-wifire-fpu/librepo_Cariad.a(Cariad_Circle.cpp.o)
                0x9d001860                typeinfo for Cariad
 .gnu.linkonce.r._ZTS11Cariad._ZTS11Cariad
                0x9d00186c       0x10 /home/matt/.uecide/cache/chipkit/chipkit-wifire-fpu/librepo_Cariad.a(Cariad_Circle.cpp.o)
                0x9d00186c                typeinfo name for Cariad
 .gnu.linkonce.r._ZTI5Print._ZTI5Print
                0x9d00187c        0x8 /home/matt/.uecide/cache/chipkit/chipkit-wifire-fpu/libCore_api.a(Print.cpp.o)
                0x9d00187c                typeinfo for Print
 .gnu.linkonce.r._ZTS5Print._ZTS5Print
                0x9d001884        0x8 /home/matt/.uecide/cache/chipkit/chipkit-wifire-fpu/libCore_api.a(Print.cpp.o)
                0x9d001884                typeinfo name for Print
 *fill*         0x9d00188c        0x4 
 .gnu.linkonce.r._ZTVN10__cxxabiv117__class_type_infoE._ZTVN10__cxxabiv117__class_type_infoE
                0x9d001890       0x30 /home/matt/.uecide/compilers/pic32-tools-pre/bin/bin/../../lib/gcc/pic32mx/4.8.3/../../../../pic32mx/lib/size/fpu64/libsupc++.a(class_type_info.o)
                0x9d001890                vtable for __cxxabiv1::__class_type_info
 .gnu.linkonce.r._ZTVN10__cxxabiv120__si_class_type_infoE._ZTVN10__cxxabiv120__si_class_type_infoE
                0x9d0018c0       0x30 /home/matt/.uecide/compilers/pic32-tools-pre/bin/bin/../../lib/gcc/pic32mx/4.8.3/../../../../pic32mx/lib/size/fpu64/libsupc++.a(si_class_type_info.o)
                0x9d0018c0                vtable for __cxxabiv1::__si_class_type_info
 .gnu.linkonce.r._ZTVSt9type_info._ZTVSt9type_info
                0x9d0018f0       0x20 /home/matt/.uecide/compilers/pic32-tools-pre/bin/bin/../../lib/gcc/pic32mx/4.8.3/../../../../pic32mx/lib/size/fpu64/libsupc++.a(tinfo.o)
                0x9d0018f0                vtable for std::type_info
 *(.rodata1)
                0x9d001910                . = ALIGN (0x4)

.sdata2         0x9d001910        0x0
 *(.sdata2 .sdata2.* .gnu.linkonce.s2.*)
                0x9d001910                . = ALIGN (0x4)

.sbss2          0x9d001910        0x0
 *(.sbss2 .sbss2.* .gnu.linkonce.sb2.*)
                0x9d001910                . = ALIGN (0x4)

.eh_frame_hdr
 *(.eh_frame_hdr)
                0x9d001910                . = ALIGN (0x4)

.eh_frame
 *(.eh_frame)
                0x9d001910                . = ALIGN (0x4)

.gcc_except_table
 *(.gcc_except_table .gcc_except_table.*)
                0x9d001910                . = ALIGN (0x4)

.dbg_data       0x80000000      0x380
                0x80000000                . = (. + DEFINED (_DEBUGGER)?0x200:0x0)
 *fill*         0x80000000      0x200 
                0x80000200                . = (. + DEFINED (_DEBUGGER)?0x80:0x0)
 *fill*         0x80000200       0x80 
                0x80000280                . = (. + DEFINED (_DEBUGGER)?0x100:0x0)
 *fill*         0x80000280      0x100 

.ram_exchange_data
                0x80000380        0x8
                0x80000380                _ram_header_addr = .
                0x80000388                . = (. + 0x8)
 *fill*         0x80000380        0x8 

.jcr            0x80000388        0x4
 *(.jcr)
 .jcr           0x80000388        0x0 /home/matt/.uecide/compilers/pic32-tools-pre/bin/bin/../../lib/gcc/pic32mx/4.8.3/size/fpu64/crtbegin.o
 .jcr           0x80000388        0x4 /home/matt/.uecide/compilers/pic32-tools-pre/bin/bin/../../lib/gcc/pic32mx/4.8.3/size/fpu64/crtend.o
                0x8000038c                . = ALIGN (0x4)

.eh_frame       0x8000038c        0x4
 *(.eh_frame)
 .eh_frame      0x8000038c        0x0 /home/matt/.uecide/compilers/pic32-tools-pre/bin/bin/../../lib/gcc/pic32mx/4.8.3/size/fpu64/crtbegin.o
 .eh_frame      0x8000038c        0x4 /home/matt/.uecide/compilers/pic32-tools-pre/bin/bin/../../lib/gcc/pic32mx/4.8.3/size/fpu64/crtend.o
                0x80000390                . = ALIGN (0x4)

.gcc_except_table
 *(.gcc_except_table .gcc_except_table.*)
                0x80000390                . = ALIGN (0x4)

.persist        0x80000390        0x0
                0x80000390                _persist_begin = .
 *(.persist .persist.*)
 *(.pbss .pbss.*)
                0x80000390                . = ALIGN (0x4)
                0x80000390                _persist_end = .

.data           0x80000390        0x0
 *(.gnu.linkonce.d.*)
 *(.data1)
                0x80000390                . = ALIGN (0x4)
                0x80000390                . = .
                0x80008380                _gp = (ALIGN (0x10) + 0x7ff0)

.got            0x80000390        0x0
 *(.got.plt)
 *(.got)
                0x80000390                . = ALIGN (0x4)

.sdata          0x80000390      0x324
                0x80000390                _sdata_begin = .
 *(.sdata .sdata.* .gnu.linkonce.s.*)
 .sdata._ZL9FrameTime.FrameTime
                0x80000390        0x4 /home/matt/.uecide/cache/chipkit/chipkit-wifire-fpu/librepo_SoftPWMServo.a(SoftPWMServo.cpp.o)
 .sdata._ZL11ServoFrames.ServoFrames
                0x80000394        0x4 /home/matt/.uecide/cache/chipkit/chipkit-wifire-fpu/librepo_SoftPWMServo.a(SoftPWMServo.cpp.o)
 .sdata.analogWriteFrequency.analogWriteFrequency
                0x80000398        0x4 /home/matt/.uecide/cache/chipkit/chipkit-wifire-fpu/libCore_api.a(wiring_analog.c.o)
 .sdata.gCoreTimerInfo.gCoreTimerInfo
                0x8000039c       0x18 /home/matt/.uecide/cache/chipkit/chipkit-wifire-fpu/libCore_api.a(wiring.c.o)
                0x8000039c                gCoreTimerInfo
 .sdata._isr_primary_install._isr_primary_install
                0x800003b4      0x2fc /home/matt/.uecide/cache/chipkit/chipkit-wifire-fpu/libCore_api.a(WSystem.c.o)
                0x800003b4                _isr_primary_install
 .sdata         0x800006b0        0x4 /home/matt/.uecide/compilers/pic32-tools-pre/bin/bin/../../lib/gcc/pic32mx/4.8.3/size/fpu64/crtbegin.o
                0x800006b0                __dso_handle
                0x800006b4                . = ALIGN (0x4)
                0x800006b4                _sdata_end = .

.lit8
 *(.lit8)

.lit4
 *(.lit4)
                0x800006b4                . = ALIGN (0x4)
                0x800006b4                _data_end = .
                0x800006b4                _bss_begin = .

.sbss           0x800006b4      0x294
                0x800006b4                _sbss_begin = .
 *(.dynsbss)
 *(.sbss .sbss.* .gnu.linkonce.sb.*)
 *fill*         0x800006b4        0x4 
 .sbss.tft.tft  0x800006b8      0x188 /home/matt/DC/Cariad/Drivers/SSD1289/examples/Spectrum/build/Spectrum.cpp.o
                0x800006b8                tft
 .sbss._ZL10FirstChanP.FirstChanP
                0x80000840        0x8 /home/matt/.uecide/cache/chipkit/chipkit-wifire-fpu/librepo_SoftPWMServo.a(SoftPWMServo.cpp.o)
 .sbss._ZL19InactiveBufferReady.InactiveBufferReady
                0x80000848        0x1 /home/matt/.uecide/cache/chipkit/chipkit-wifire-fpu/librepo_SoftPWMServo.a(SoftPWMServo.cpp.o)
 .sbss._ZL10RisingEdge.RisingEdge
                0x80000849        0x1 /home/matt/.uecide/cache/chipkit/chipkit-wifire-fpu/librepo_SoftPWMServo.a(SoftPWMServo.cpp.o)
 *fill*         0x8000084a        0x2 
 .sbss._ZL11CurrentTime.CurrentTime
                0x8000084c        0x4 /home/matt/.uecide/cache/chipkit/chipkit-wifire-fpu/librepo_SoftPWMServo.a(SoftPWMServo.cpp.o)
 .sbss._ZL12ActiveBuffer.ActiveBuffer
                0x80000850        0x4 /home/matt/.uecide/cache/chipkit/chipkit-wifire-fpu/librepo_SoftPWMServo.a(SoftPWMServo.cpp.o)
 .sbss._ZL13ISRFirstChanP.ISRFirstChanP
                0x80000854        0x4 /home/matt/.uecide/cache/chipkit/chipkit-wifire-fpu/librepo_SoftPWMServo.a(SoftPWMServo.cpp.o)
 .sbss._ZL17ServoFrameCounter.ServoFrameCounter
                0x80000858        0x4 /home/matt/.uecide/cache/chipkit/chipkit-wifire-fpu/librepo_SoftPWMServo.a(SoftPWMServo.cpp.o)
 .sbss._ZL14InactiveBuffer.InactiveBuffer
                0x8000085c        0x4 /home/matt/.uecide/cache/chipkit/chipkit-wifire-fpu/librepo_SoftPWMServo.a(SoftPWMServo.cpp.o)
 .sbss._ZL10Initalized.Initalized
                0x80000860        0x1 /home/matt/.uecide/cache/chipkit/chipkit-wifire-fpu/librepo_SoftPWMServo.a(SoftPWMServo.cpp.o)
 *fill*         0x80000861        0x3 
 .sbss._ZZ14HandlePWMServomE8CurChanP.CurChanP
                0x80000864        0x4 /home/matt/.uecide/cache/chipkit/chipkit-wifire-fpu/librepo_SoftPWMServo.a(SoftPWMServo.cpp.o)
 .sbss.analog_reference.analog_reference
                0x80000868        0x4 /home/matt/.uecide/cache/chipkit/chipkit-wifire-fpu/libCore_api.a(wiring_analog.c.o)
                0x80000868                analog_reference
 .sbss.pwm_active.pwm_active
                0x8000086c        0x2 /home/matt/.uecide/cache/chipkit/chipkit-wifire-fpu/libCore_api.a(wiring_analog.c.o)
                0x8000086c                pwm_active
 *fill*         0x8000086e        0x2 
 .sbss.gTimer0_millis.gTimer0_millis
                0x80000870        0x4 /home/matt/.uecide/cache/chipkit/chipkit-wifire-fpu/libCore_api.a(wiring.c.o)
                0x80000870                gTimer0_millis
 .sbss.gCore_timer_last_val.gCore_timer_last_val
                0x80000874        0x4 /home/matt/.uecide/cache/chipkit/chipkit-wifire-fpu/libCore_api.a(wiring.c.o)
                0x80000874                gCore_timer_last_val
 .sbss.gCore_timer_micros.gCore_timer_micros
                0x80000878        0x4 /home/matt/.uecide/cache/chipkit/chipkit-wifire-fpu/libCore_api.a(wiring.c.o)
                0x80000878                gCore_timer_micros
 .sbss.gMicros_overflows.gMicros_overflows
                0x8000087c        0x4 /home/matt/.uecide/cache/chipkit/chipkit-wifire-fpu/libCore_api.a(wiring.c.o)
                0x8000087c                gMicros_overflows
 .sbss.gCore_timer_first_val.gCore_timer_first_val
                0x80000880        0x4 /home/matt/.uecide/cache/chipkit/chipkit-wifire-fpu/libCore_api.a(wiring.c.o)
                0x80000880                gCore_timer_first_val
 .sbss.gMicros_calculating.gMicros_calculating
                0x80000884        0x4 /home/matt/.uecide/cache/chipkit/chipkit-wifire-fpu/libCore_api.a(wiring.c.o)
                0x80000884                gMicros_calculating
 .sbss.gSoftPWMServoUpdate.gSoftPWMServoUpdate
                0x80000888        0x4 /home/matt/.uecide/cache/chipkit/chipkit-wifire-fpu/libCore_api.a(wiring.c.o)
                0x80000888                gSoftPWMServoUpdate
 .sbss.ppsGlobalLock.ppsGlobalLock
                0x8000088c        0x1 /home/matt/.uecide/cache/chipkit/chipkit-wifire-fpu/libCore_api.a(wiring.c.o)
                0x8000088c                ppsGlobalLock
 *fill*         0x8000088d        0x3 
 .sbss.gLastBaseCount.gLastBaseCount
                0x80000890        0x4 /home/matt/.uecide/cache/chipkit/chipkit-wifire-fpu/libCore_api.a(wiring.c.o)
 .sbss.nextInt.22939.nextInt
                0x80000894        0x4 /home/matt/.uecide/cache/chipkit/chipkit-wifire-fpu/libCore_api.a(wiring.c.o)
 .sbss.rgtaskTable.rgtaskTable
                0x80000898       0xa0 /home/matt/.uecide/cache/chipkit/chipkit-wifire-fpu/libCore_api.a(task_manager.c.o)
 .sbss.cntActiveTask.cntActiveTask
                0x80000938        0x4 /home/matt/.uecide/cache/chipkit/chipkit-wifire-fpu/libCore_api.a(task_manager.c.o)
 .sbss.tmsNextEvent.tmsNextEvent
                0x8000093c        0x4 /home/matt/.uecide/cache/chipkit/chipkit-wifire-fpu/libCore_api.a(task_manager.c.o)
 .sbss.tmsLastEvent.tmsLastEvent
                0x80000940        0x4 /home/matt/.uecide/cache/chipkit/chipkit-wifire-fpu/libCore_api.a(task_manager.c.o)
 *(.scommon)
 .scommon       0x80000944        0x4 /home/matt/.uecide/cache/chipkit/chipkit-wifire-fpu/libCore_api.a(wiring.c.o)
                0x80000944                __PIC32_pbClk
                0x80000948                _sbss_end = .
                0x80000948                . = ALIGN (0x4)

.bss            0x80000948        0x0
 *(.dynbss)
 *(COMMON)
                0x80000948                . = ALIGN ((. != 0x0)?0x4:0x1)
                0x80000948                . = ALIGN (0x4)
                0x80000948                _end = .
                0x80000948                _bss_end = .
                0x00080000                _bmxdudba_address = 0x80000
                0x00080000                _bmxdupba_address = 0x80000

.gptab.sdata
 *(.gptab.data)
 *(.gptab.sdata)

.gptab.sbss
 *(.gptab.bss)
 *(.gptab.sbss)

.mdebug.abi32   0x80000948        0x0
 *(.mdebug.abi32)
 .mdebug.abi32  0x80000948        0x0 /home/matt/DC/Cariad/Drivers/SSD1289/examples/Spectrum/build/Spectrum.cpp.o
 .mdebug.abi32  0x80000948        0x0 /home/matt/DC/Cariad/Drivers/SSD1289/examples/Spectrum/build/EFADC.c.o
 .mdebug.abi32  0x80000948        0x0 /home/matt/.uecide/cache/chipkit/chipkit-wifire-fpu/librepo_SoftPWMServo.a(SoftPWMServo.cpp.o)
 .mdebug.abi32  0x80000948        0x0 /home/matt/.uecide/cache/chipkit/chipkit-wifire-fpu/librepo_SSD1289.a(SSD1289.cpp.o)
 .mdebug.abi32  0x80000948        0x0 /home/matt/.uecide/cache/chipkit/chipkit-wifire-fpu/librepo_Cariad.a(Color.cpp.o)
 .mdebug.abi32  0x80000948        0x0 /home/matt/.uecide/cache/chipkit/chipkit-wifire-fpu/librepo_Cariad.a(Cariad.cpp.o)
 .mdebug.abi32  0x80000948        0x0 /home/matt/.uecide/cache/chipkit/chipkit-wifire-fpu/librepo_Cariad.a(Cariad_Bezier.cpp.o)
 .mdebug.abi32  0x80000948        0x0 /home/matt/.uecide/cache/chipkit/chipkit-wifire-fpu/librepo_Cariad.a(Cariad_Circle.cpp.o)
 .mdebug.abi32  0x80000948        0x0 /home/matt/.uecide/cache/chipkit/chipkit-wifire-fpu/librepo_Cariad.a(Cariad_Clipping.cpp.o)
 .mdebug.abi32  0x80000948        0x0 /home/matt/.uecide/cache/chipkit/chipkit-wifire-fpu/librepo_Cariad.a(Cariad_Image.cpp.o)
 .mdebug.abi32  0x80000948        0x0 /home/matt/.uecide/cache/chipkit/chipkit-wifire-fpu/librepo_Cariad.a(Cariad_Line.cpp.o)
 .mdebug.abi32  0x80000948        0x0 /home/matt/.uecide/cache/chipkit/chipkit-wifire-fpu/librepo_Cariad.a(Cariad_LowLevel.cpp.o)
 .mdebug.abi32  0x80000948        0x0 /home/matt/.uecide/cache/chipkit/chipkit-wifire-fpu/librepo_Cariad.a(Cariad_Reading.cpp.o)
 .mdebug.abi32  0x80000948        0x0 /home/matt/.uecide/cache/chipkit/chipkit-wifire-fpu/librepo_Cariad.a(Cariad_Rectangle.cpp.o)
 .mdebug.abi32  0x80000948        0x0 /home/matt/.uecide/cache/chipkit/chipkit-wifire-fpu/librepo_Cariad.a(Cariad_Text.cpp.o)
 .mdebug.abi32  0x80000948        0x0 /home/matt/.uecide/cache/chipkit/chipkit-wifire-fpu/librepo_Cariad.a(Cariad_Triangle.cpp.o)
 .mdebug.abi32  0x80000948        0x0 /home/matt/.uecide/cache/chipkit/chipkit-wifire-fpu/librepo_Cariad.a(Cariad_Util.cpp.o)
 .mdebug.abi32  0x80000948        0x0 /home/matt/.uecide/cache/chipkit/chipkit-wifire-fpu/librepo_Cariad.a(Cariad_Window.cpp.o)
 .mdebug.abi32  0x80000948        0x0 /home/matt/.uecide/cache/chipkit/chipkit-wifire-fpu/librepo_Cariad.a(DefaultFont.cpp.o)
 .mdebug.abi32  0x80000948        0x0 /home/matt/.uecide/cache/chipkit/chipkit-wifire-fpu/librepo_Cariad.a(Cariad_3D_Mapping.cpp.o)
 .mdebug.abi32  0x80000948        0x0 /home/matt/.uecide/cache/chipkit/chipkit-wifire-fpu/librepo_Sinclair.a(Sinclair.cpp.o)
 .mdebug.abi32  0x80000948        0x0 /home/matt/.uecide/cache/chipkit/chipkit-wifire-fpu/libCore_api.a(pins_arduino.c.o)
 .mdebug.abi32  0x80000948        0x0 /home/matt/.uecide/cache/chipkit/chipkit-wifire-fpu/libCore_api.a(wiring_digital.c.o)
 .mdebug.abi32  0x80000948        0x0 /home/matt/.uecide/cache/chipkit/chipkit-wifire-fpu/libCore_api.a(wiring_analog.c.o)
 .mdebug.abi32  0x80000948        0x0 /home/matt/.uecide/cache/chipkit/chipkit-wifire-fpu/libCore_api.a(wiring.c.o)
 .mdebug.abi32  0x80000948        0x0 /home/matt/.uecide/cache/chipkit/chipkit-wifire-fpu/libCore_api.a(WSystem.c.o)
 .mdebug.abi32  0x80000948        0x0 /home/matt/.uecide/cache/chipkit/chipkit-wifire-fpu/libCore_api.a(WMath.cpp.o)
 .mdebug.abi32  0x80000948        0x0 /home/matt/.uecide/cache/chipkit/chipkit-wifire-fpu/libCore_api.a(main.cpp.o)
 .mdebug.abi32  0x80000948        0x0 /home/matt/.uecide/cache/chipkit/chipkit-wifire-fpu/libCore_api.a(Print.cpp.o)
 .mdebug.abi32  0x80000948        0x0 /home/matt/.uecide/cache/chipkit/chipkit-wifire-fpu/libCore_api.a(task_manager.c.o)
 .mdebug.abi32  0x80000948        0x0 /home/matt/.uecide/cache/chipkit/chipkit-wifire-fpu/libCore_api.a(doprnt.cpp.o)
 .mdebug.abi32  0x80000948        0x0 /home/matt/.uecide/compilers/pic32-tools-pre/bin/bin/../../lib/gcc/pic32mx/4.8.3/../../../../pic32mx/lib/size/fpu64/libsupc++.a(class_type_info.o)
 .mdebug.abi32  0x80000948        0x0 /home/matt/.uecide/compilers/pic32-tools-pre/bin/bin/../../lib/gcc/pic32mx/4.8.3/../../../../pic32mx/lib/size/fpu64/libsupc++.a(del_op.o)
 .mdebug.abi32  0x80000948        0x0 /home/matt/.uecide/compilers/pic32-tools-pre/bin/bin/../../lib/gcc/pic32mx/4.8.3/../../../../pic32mx/lib/size/fpu64/libsupc++.a(si_class_type_info.o)
 .mdebug.abi32  0x80000948        0x0 /home/matt/.uecide/compilers/pic32-tools-pre/bin/bin/../../lib/gcc/pic32mx/4.8.3/../../../../pic32mx/lib/size/fpu64/libsupc++.a(tinfo.o)
 .mdebug.abi32  0x80000948        0x0 /home/matt/.uecide/compilers/pic32-tools-pre/bin/bin/../../lib/gcc/pic32mx/4.8.3/../../../../pic32mx/lib/size/fpu64/libsupc++.a(pure.o)
 .mdebug.abi32  0x80000948        0x0 /home/matt/.uecide/compilers/pic32-tools-pre/bin/bin/../../lib/gcc/pic32mx/4.8.3/../../../../pic32mx/lib/size/fpu64/libsupc++.a(eh_terminate.o)
 .mdebug.abi32  0x80000948        0x0 /home/matt/.uecide/compilers/pic32-tools-pre/bin/bin/../../lib/gcc/pic32mx/4.8.3/../../../../pic32mx/lib/size/fpu64/libsupc++.a(eh_unex_handler.o)
 .mdebug.abi32  0x80000948        0x0 /home/matt/.uecide/compilers/pic32-tools-pre/bin/bin/../../lib/gcc/pic32mx/4.8.3/../../../../pic32mx/lib/size/fpu64/libsupc++.a(eh_term_handler.o)
 .mdebug.abi32  0x80000948        0x0 /home/matt/.uecide/compilers/pic32-tools-pre/bin/bin/../../lib/gcc/pic32mx/4.8.3/../../../../pic32mx/lib/size/fpu64/libm.a(lib_a-s_fpclassify.o)
 .mdebug.abi32  0x80000948        0x0 /home/matt/.uecide/compilers/pic32-tools-pre/bin/bin/../../lib/gcc/pic32mx/4.8.3/../../../../pic32mx/lib/size/fpu64/libm.a(lib_a-s_modf.o)
 .mdebug.abi32  0x80000948        0x0 /home/matt/.uecide/compilers/pic32-tools-pre/bin/bin/../../lib/gcc/pic32mx/4.8.3/../../../../pic32mx/lib/size/fpu64/libm.a(lib_a-w_pow.o)
 .mdebug.abi32  0x80000948        0x0 /home/matt/.uecide/compilers/pic32-tools-pre/bin/bin/../../lib/gcc/pic32mx/4.8.3/../../../../pic32mx/lib/size/fpu64/libm.a(lib_a-w_sqrt.o)
 .mdebug.abi32  0x80000948        0x0 /home/matt/.uecide/compilers/pic32-tools-pre/bin/bin/../../lib/gcc/pic32mx/4.8.3/../../../../pic32mx/lib/size/fpu64/libm.a(lib_a-e_pow.o)
 .mdebug.abi32  0x80000948        0x0 /home/matt/.uecide/compilers/pic32-tools-pre/bin/bin/../../lib/gcc/pic32mx/4.8.3/../../../../pic32mx/lib/size/fpu64/libm.a(lib_a-e_sqrt.o)
 .mdebug.abi32  0x80000948        0x0 /home/matt/.uecide/compilers/pic32-tools-pre/bin/bin/../../lib/gcc/pic32mx/4.8.3/../../../../pic32mx/lib/size/fpu64/libm.a(lib_a-s_fabs.o)
 .mdebug.abi32  0x80000948        0x0 /home/matt/.uecide/compilers/pic32-tools-pre/bin/bin/../../lib/gcc/pic32mx/4.8.3/../../../../pic32mx/lib/size/fpu64/libm.a(lib_a-s_finite.o)
 .mdebug.abi32  0x80000948        0x0 /home/matt/.uecide/compilers/pic32-tools-pre/bin/bin/../../lib/gcc/pic32mx/4.8.3/../../../../pic32mx/lib/size/fpu64/libm.a(lib_a-s_lib_ver.o)
 .mdebug.abi32  0x80000948        0x0 /home/matt/.uecide/compilers/pic32-tools-pre/bin/bin/../../lib/gcc/pic32mx/4.8.3/../../../../pic32mx/lib/size/fpu64/libm.a(lib_a-s_matherr.o)
 .mdebug.abi32  0x80000948        0x0 /home/matt/.uecide/compilers/pic32-tools-pre/bin/bin/../../lib/gcc/pic32mx/4.8.3/../../../../pic32mx/lib/size/fpu64/libm.a(lib_a-s_nan.o)
 .mdebug.abi32  0x80000948        0x0 /home/matt/.uecide/compilers/pic32-tools-pre/bin/bin/../../lib/gcc/pic32mx/4.8.3/../../../../pic32mx/lib/size/fpu64/libm.a(lib_a-s_rint.o)
 .mdebug.abi32  0x80000948        0x0 /home/matt/.uecide/compilers/pic32-tools-pre/bin/bin/../../lib/gcc/pic32mx/4.8.3/../../../../pic32mx/lib/size/fpu64/libm.a(lib_a-s_scalbn.o)
 .mdebug.abi32  0x80000948        0x0 /home/matt/.uecide/compilers/pic32-tools-pre/bin/bin/../../lib/gcc/pic32mx/4.8.3/../../../../pic32mx/lib/size/fpu64/libm.a(lib_a-s_copysign.o)
 .mdebug.abi32  0x80000948        0x0 /home/matt/.uecide/compilers/pic32-tools-pre/bin/bin/../../lib/gcc/pic32mx/4.8.3/size/fpu64/crtbegin.o
 .mdebug.abi32  0x80000948        0x0 /home/matt/.uecide/compilers/pic32-tools-pre/bin/bin/../../lib/gcc/pic32mx/4.8.3/size/fpu64/crtend.o
 .mdebug.abi32  0x80000948        0x0 /home/matt/.uecide/compilers/pic32-tools-pre/bin/bin/../../lib/gcc/pic32mx/4.8.3/../../../../pic32mx/lib/size/fpu64/libc.a(lib_a-abort.o)
 .mdebug.abi32  0x80000948        0x0 /home/matt/.uecide/compilers/pic32-tools-pre/bin/bin/../../lib/gcc/pic32mx/4.8.3/../../../../pic32mx/lib/size/fpu64/libc.a(lib_a-errno.o)
 .mdebug.abi32  0x80000948        0x0 /home/matt/.uecide/compilers/pic32-tools-pre/bin/bin/../../lib/gcc/pic32mx/4.8.3/../../../../pic32mx/lib/size/fpu64/libc.a(lib_a-impure.o)
 .mdebug.abi32  0x80000948        0x0 /home/matt/.uecide/compilers/pic32-tools-pre/bin/bin/../../lib/gcc/pic32mx/4.8.3/../../../../pic32mx/lib/size/fpu64/libc.a(lib_a-malloc.o)
 .mdebug.abi32  0x80000948        0x0 /home/matt/.uecide/compilers/pic32-tools-pre/bin/bin/../../lib/gcc/pic32mx/4.8.3/../../../../pic32mx/lib/size/fpu64/libc.a(lib_a-mallocr.o)
 .mdebug.abi32  0x80000948        0x0 /home/matt/.uecide/compilers/pic32-tools-pre/bin/bin/../../lib/gcc/pic32mx/4.8.3/../../../../pic32mx/lib/size/fpu64/libc.a(lib_a-memcpy.o)
 .mdebug.abi32  0x80000948        0x0 /home/matt/.uecide/compilers/pic32-tools-pre/bin/bin/../../lib/gcc/pic32mx/4.8.3/../../../../pic32mx/lib/size/fpu64/libc.a(lib_a-mlock.o)
 .mdebug.abi32  0x80000948        0x0 /home/matt/.uecide/compilers/pic32-tools-pre/bin/bin/../../lib/gcc/pic32mx/4.8.3/../../../../pic32mx/lib/size/fpu64/libc.a(lib_a-rand.o)
 .mdebug.abi32  0x80000948        0x0 /home/matt/.uecide/compilers/pic32-tools-pre/bin/bin/../../lib/gcc/pic32mx/4.8.3/../../../../pic32mx/lib/size/fpu64/libc.a(lib_a-sbrkr.o)
 .mdebug.abi32  0x80000948        0x0 /home/matt/.uecide/compilers/pic32-tools-pre/bin/bin/../../lib/gcc/pic32mx/4.8.3/../../../../pic32mx/lib/size/fpu64/libc.a(lib_a-signal.o)
 .mdebug.abi32  0x80000948        0x0 /home/matt/.uecide/compilers/pic32-tools-pre/bin/bin/../../lib/gcc/pic32mx/4.8.3/../../../../pic32mx/lib/size/fpu64/libc.a(lib_a-signalr.o)
 .mdebug.abi32  0x80000948        0x0 /home/matt/.uecide/compilers/pic32-tools-pre/bin/bin/../../lib/gcc/pic32mx/4.8.3/../../../../pic32mx/lib/size/fpu64/libc.a(lib_a-strcmp.o)
 .mdebug.abi32  0x80000948        0x0 /home/matt/.uecide/compilers/pic32-tools-pre/bin/bin/../../lib/gcc/pic32mx/4.8.3/../../../../pic32mx/lib/size/fpu64/libc.a(lib_a-strcpy.o)
 .mdebug.abi32  0x80000948        0x0 /home/matt/.uecide/compilers/pic32-tools-pre/bin/bin/../../lib/gcc/pic32mx/4.8.3/../../../../pic32mx/lib/size/fpu64/libc.a(lib_a-strlen.o)
 .mdebug.abi32  0x80000948        0x0 /home/matt/.uecide/compilers/pic32-tools-pre/bin/bin/../../lib/gcc/pic32mx/4.8.3/../../../../pic32mx/lib/size/fpu64/libc.a(lib_a-freer.o)
 .mdebug.abi32  0x80000948        0x0 /home/matt/.uecide/compilers/pic32-tools-pre/bin/bin/../../lib/gcc/pic32mx/4.8.3/../../../../pic32mx/lib/size/fpu64/libc.a(lib_a-reent.o)
 .mdebug.abi32  0x80000948        0x0 /home/matt/.uecide/compilers/pic32-tools-pre/bin/bin/../../lib/gcc/pic32mx/4.8.3/../../../../pic32mx/lib/size/fpu64/libpic32.a(sbrk.o)
 .mdebug.abi32  0x80000948        0x0 /home/matt/.uecide/compilers/pic32-tools-pre/bin/bin/../../lib/gcc/pic32mx/4.8.3/../../../../pic32mx/lib/size/fpu64/libpic32.a(default-bootstrap-exception-handler.o)
 .mdebug.abi32  0x80000948        0x0 /home/matt/.uecide/compilers/pic32-tools-pre/bin/bin/../../lib/gcc/pic32mx/4.8.3/../../../../pic32mx/lib/size/fpu64/libpic32.a(default-on-reset.o)
 .mdebug.abi32  0x80000948        0x0 /home/matt/.uecide/compilers/pic32-tools-pre/bin/bin/../../lib/gcc/pic32mx/4.8.3/../../../../pic32mx/lib/size/fpu64/libpic32.a(default-on-bootstrap.o)
 .mdebug.abi32  0x80000948        0x0 /home/matt/.uecide/compilers/pic32-tools-pre/bin/bin/../../lib/gcc/pic32mx/4.8.3/../../../../pic32mx/lib/size/fpu64/libpic32.a(_exit.o)
 .mdebug.abi32  0x80000948        0x0 /home/matt/.uecide/compilers/pic32-tools-pre/bin/bin/../../lib/gcc/pic32mx/4.8.3/../../../../pic32mx/lib/size/fpu64/libpic32.a(kill.o)
 .mdebug.abi32  0x80000948        0x0 /home/matt/.uecide/compilers/pic32-tools-pre/bin/bin/../../lib/gcc/pic32mx/4.8.3/../../../../pic32mx/lib/size/fpu64/libpic32.a(getpid.o)
 .mdebug.abi32  0x80000948        0x0 /home/matt/.uecide/compilers/pic32-tools-pre/bin/bin/../../lib/gcc/pic32mx/4.8.3/../../../../pic32mx/lib/size/fpu64/libc.a(lib_a-memset.o)

.mdebug.abiN32
 *(.mdebug.abiN32)

.mdebug.abi64
 *(.mdebug.abi64)

.mdebug.abiO64
 *(.mdebug.abiO64)

.mdebug.eabi32
 *(.mdebug.eabi32)

.mdebug.eabi64
 *(.mdebug.eabi64)

.gcc_compiled_long32
 *(.gcc_compiled_long32)

.gcc_compiled_long64
 *(.gcc_compiled_long64)

.stab
 *(.stab)

.stabstr
 *(.stabstr)

.stab.excl
 *(.stab.excl)

.stab.exclstr
 *(.stab.exclstr)

.stab.index
 *(.stab.index)

.stab.indexstr
 *(.stab.indexstr)

.comment        0x00000000       0x86
 *(.comment)
 .comment       0x00000000       0x3b /home/matt/DC/Cariad/Drivers/SSD1289/examples/Spectrum/build/Spectrum.cpp.o
                                 0x3c (size before relaxing)
 .comment       0x00000000       0x3c /home/matt/DC/Cariad/Drivers/SSD1289/examples/Spectrum/build/EFADC.c.o
 .comment       0x00000000       0x3c /home/matt/.uecide/cache/chipkit/chipkit-wifire-fpu/librepo_SoftPWMServo.a(SoftPWMServo.cpp.o)
 .comment       0x00000000       0x3c /home/matt/.uecide/cache/chipkit/chipkit-wifire-fpu/librepo_SSD1289.a(SSD1289.cpp.o)
 .comment       0x00000000       0x3c /home/matt/.uecide/cache/chipkit/chipkit-wifire-fpu/librepo_Cariad.a(Color.cpp.o)
 .comment       0x00000000       0x3c /home/matt/.uecide/cache/chipkit/chipkit-wifire-fpu/librepo_Cariad.a(Cariad.cpp.o)
 .comment       0x00000000       0x3c /home/matt/.uecide/cache/chipkit/chipkit-wifire-fpu/librepo_Cariad.a(Cariad_Bezier.cpp.o)
 .comment       0x00000000       0x3c /home/matt/.uecide/cache/chipkit/chipkit-wifire-fpu/librepo_Cariad.a(Cariad_Circle.cpp.o)
 .comment       0x00000000       0x3c /home/matt/.uecide/cache/chipkit/chipkit-wifire-fpu/librepo_Cariad.a(Cariad_Clipping.cpp.o)
 .comment       0x00000000       0x3c /home/matt/.uecide/cache/chipkit/chipkit-wifire-fpu/librepo_Cariad.a(Cariad_Image.cpp.o)
 .comment       0x00000000       0x3c /home/matt/.uecide/cache/chipkit/chipkit-wifire-fpu/librepo_Cariad.a(Cariad_Line.cpp.o)
 .comment       0x00000000       0x3c /home/matt/.uecide/cache/chipkit/chipkit-wifire-fpu/librepo_Cariad.a(Cariad_LowLevel.cpp.o)
 .comment       0x00000000       0x3c /home/matt/.uecide/cache/chipkit/chipkit-wifire-fpu/librepo_Cariad.a(Cariad_Reading.cpp.o)
 .comment       0x00000000       0x3c /home/matt/.uecide/cache/chipkit/chipkit-wifire-fpu/librepo_Cariad.a(Cariad_Rectangle.cpp.o)
 .comment       0x00000000       0x3c /home/matt/.uecide/cache/chipkit/chipkit-wifire-fpu/librepo_Cariad.a(Cariad_Text.cpp.o)
 .comment       0x00000000       0x3c /home/matt/.uecide/cache/chipkit/chipkit-wifire-fpu/librepo_Cariad.a(Cariad_Triangle.cpp.o)
 .comment       0x00000000       0x3c /home/matt/.uecide/cache/chipkit/chipkit-wifire-fpu/librepo_Cariad.a(Cariad_Util.cpp.o)
 .comment       0x00000000       0x3c /home/matt/.uecide/cache/chipkit/chipkit-wifire-fpu/librepo_Cariad.a(Cariad_Window.cpp.o)
 .comment       0x00000000       0x3c /home/matt/.uecide/cache/chipkit/chipkit-wifire-fpu/librepo_Cariad.a(DefaultFont.cpp.o)
 .comment       0x00000000       0x3c /home/matt/.uecide/cache/chipkit/chipkit-wifire-fpu/librepo_Cariad.a(Cariad_3D_Mapping.cpp.o)
 .comment       0x00000000       0x3c /home/matt/.uecide/cache/chipkit/chipkit-wifire-fpu/librepo_Sinclair.a(Sinclair.cpp.o)
 .comment       0x00000000       0x3c /home/matt/.uecide/cache/chipkit/chipkit-wifire-fpu/libCore_api.a(pins_arduino.c.o)
 .comment       0x00000000       0x3c /home/matt/.uecide/cache/chipkit/chipkit-wifire-fpu/libCore_api.a(wiring_digital.c.o)
 .comment       0x00000000       0x3c /home/matt/.uecide/cache/chipkit/chipkit-wifire-fpu/libCore_api.a(wiring_analog.c.o)
 .comment       0x00000000       0x3c /home/matt/.uecide/cache/chipkit/chipkit-wifire-fpu/libCore_api.a(wiring.c.o)
 .comment       0x00000000       0x3c /home/matt/.uecide/cache/chipkit/chipkit-wifire-fpu/libCore_api.a(WSystem.c.o)
 .comment       0x00000000       0x3c /home/matt/.uecide/cache/chipkit/chipkit-wifire-fpu/libCore_api.a(WMath.cpp.o)
 .comment       0x00000000       0x3c /home/matt/.uecide/cache/chipkit/chipkit-wifire-fpu/libCore_api.a(main.cpp.o)
 .comment       0x00000000       0x3c /home/matt/.uecide/cache/chipkit/chipkit-wifire-fpu/libCore_api.a(Print.cpp.o)
 .comment       0x00000000       0x3c /home/matt/.uecide/cache/chipkit/chipkit-wifire-fpu/libCore_api.a(task_manager.c.o)
 .comment       0x00000000       0x3c /home/matt/.uecide/cache/chipkit/chipkit-wifire-fpu/libCore_api.a(doprnt.cpp.o)
 .comment       0x00000000       0x3c /home/matt/.uecide/compilers/pic32-tools-pre/bin/bin/../../lib/gcc/pic32mx/4.8.3/../../../../pic32mx/lib/size/fpu64/libsupc++.a(class_type_info.o)
 .comment       0x00000000       0x3c /home/matt/.uecide/compilers/pic32-tools-pre/bin/bin/../../lib/gcc/pic32mx/4.8.3/../../../../pic32mx/lib/size/fpu64/libsupc++.a(del_op.o)
 .comment       0x00000000       0x3c /home/matt/.uecide/compilers/pic32-tools-pre/bin/bin/../../lib/gcc/pic32mx/4.8.3/../../../../pic32mx/lib/size/fpu64/libsupc++.a(si_class_type_info.o)
 .comment       0x00000000       0x3c /home/matt/.uecide/compilers/pic32-tools-pre/bin/bin/../../lib/gcc/pic32mx/4.8.3/../../../../pic32mx/lib/size/fpu64/libsupc++.a(tinfo.o)
 .comment       0x00000000       0x3c /home/matt/.uecide/compilers/pic32-tools-pre/bin/bin/../../lib/gcc/pic32mx/4.8.3/../../../../pic32mx/lib/size/fpu64/libsupc++.a(pure.o)
 .comment       0x00000000       0x3c /home/matt/.uecide/compilers/pic32-tools-pre/bin/bin/../../lib/gcc/pic32mx/4.8.3/../../../../pic32mx/lib/size/fpu64/libsupc++.a(eh_terminate.o)
 .comment       0x00000000       0x3c /home/matt/.uecide/compilers/pic32-tools-pre/bin/bin/../../lib/gcc/pic32mx/4.8.3/../../../../pic32mx/lib/size/fpu64/libsupc++.a(eh_unex_handler.o)
 .comment       0x00000000       0x3c /home/matt/.uecide/compilers/pic32-tools-pre/bin/bin/../../lib/gcc/pic32mx/4.8.3/../../../../pic32mx/lib/size/fpu64/libsupc++.a(eh_term_handler.o)
 .comment       0x00000000       0x3c /home/matt/.uecide/compilers/pic32-tools-pre/bin/bin/../../lib/gcc/pic32mx/4.8.3/../../../../pic32mx/lib/size/fpu64/libm.a(lib_a-s_fpclassify.o)
 .comment       0x00000000       0x3c /home/matt/.uecide/compilers/pic32-tools-pre/bin/bin/../../lib/gcc/pic32mx/4.8.3/../../../../pic32mx/lib/size/fpu64/libm.a(lib_a-s_modf.o)
 .comment       0x00000000       0x3c /home/matt/.uecide/compilers/pic32-tools-pre/bin/bin/../../lib/gcc/pic32mx/4.8.3/../../../../pic32mx/lib/size/fpu64/libm.a(lib_a-w_pow.o)
 .comment       0x00000000       0x3c /home/matt/.uecide/compilers/pic32-tools-pre/bin/bin/../../lib/gcc/pic32mx/4.8.3/../../../../pic32mx/lib/size/fpu64/libm.a(lib_a-w_sqrt.o)
 .comment       0x00000000       0x3c /home/matt/.uecide/compilers/pic32-tools-pre/bin/bin/../../lib/gcc/pic32mx/4.8.3/../../../../pic32mx/lib/size/fpu64/libm.a(lib_a-e_pow.o)
 .comment       0x00000000       0x3c /home/matt/.uecide/compilers/pic32-tools-pre/bin/bin/../../lib/gcc/pic32mx/4.8.3/../../../../pic32mx/lib/size/fpu64/libm.a(lib_a-e_sqrt.o)
 .comment       0x00000000       0x3c /home/matt/.uecide/compilers/pic32-tools-pre/bin/bin/../../lib/gcc/pic32mx/4.8.3/../../../../pic32mx/lib/size/fpu64/libm.a(lib_a-s_fabs.o)
 .comment       0x00000000       0x3c /home/matt/.uecide/compilers/pic32-tools-pre/bin/bin/../../lib/gcc/pic32mx/4.8.3/../../../../pic32mx/lib/size/fpu64/libm.a(lib_a-s_finite.o)
 .comment       0x00000000       0x3c /home/matt/.uecide/compilers/pic32-tools-pre/bin/bin/../../lib/gcc/pic32mx/4.8.3/../../../../pic32mx/lib/size/fpu64/libm.a(lib_a-s_lib_ver.o)
 .comment       0x00000000       0x3c /home/matt/.uecide/compilers/pic32-tools-pre/bin/bin/../../lib/gcc/pic32mx/4.8.3/../../../../pic32mx/lib/size/fpu64/libm.a(lib_a-s_matherr.o)
 .comment       0x00000000       0x3c /home/matt/.uecide/compilers/pic32-tools-pre/bin/bin/../../lib/gcc/pic32mx/4.8.3/../../../../pic32mx/lib/size/fpu64/libm.a(lib_a-s_nan.o)
 .comment       0x00000000       0x3c /home/matt/.uecide/compilers/pic32-tools-pre/bin/bin/../../lib/gcc/pic32mx/4.8.3/../../../../pic32mx/lib/size/fpu64/libm.a(lib_a-s_rint.o)
 .comment       0x00000000       0x3c /home/matt/.uecide/compilers/pic32-tools-pre/bin/bin/../../lib/gcc/pic32mx/4.8.3/../../../../pic32mx/lib/size/fpu64/libm.a(lib_a-s_scalbn.o)
 .comment       0x00000000       0x3c /home/matt/.uecide/compilers/pic32-tools-pre/bin/bin/../../lib/gcc/pic32mx/4.8.3/../../../../pic32mx/lib/size/fpu64/libm.a(lib_a-s_copysign.o)
 .comment       0x00000000       0x3c /home/matt/.uecide/compilers/pic32-tools-pre/bin/bin/../../lib/gcc/pic32mx/4.8.3/size/fpu64/crtbegin.o
 .comment       0x00000000       0x3c /home/matt/.uecide/compilers/pic32-tools-pre/bin/bin/../../lib/gcc/pic32mx/4.8.3/size/fpu64/crtend.o
 .comment       0x00000000       0x3c /home/matt/.uecide/compilers/pic32-tools-pre/bin/bin/../../lib/gcc/pic32mx/4.8.3/../../../../pic32mx/lib/size/fpu64/libc.a(lib_a-abort.o)
 .comment       0x00000000       0x3c /home/matt/.uecide/compilers/pic32-tools-pre/bin/bin/../../lib/gcc/pic32mx/4.8.3/../../../../pic32mx/lib/size/fpu64/libc.a(lib_a-errno.o)
 .comment       0x00000000       0x3c /home/matt/.uecide/compilers/pic32-tools-pre/bin/bin/../../lib/gcc/pic32mx/4.8.3/../../../../pic32mx/lib/size/fpu64/libc.a(lib_a-impure.o)
 .comment       0x00000000       0x3c /home/matt/.uecide/compilers/pic32-tools-pre/bin/bin/../../lib/gcc/pic32mx/4.8.3/../../../../pic32mx/lib/size/fpu64/libc.a(lib_a-malloc.o)
 .comment       0x00000000       0x3c /home/matt/.uecide/compilers/pic32-tools-pre/bin/bin/../../lib/gcc/pic32mx/4.8.3/../../../../pic32mx/lib/size/fpu64/libc.a(lib_a-mallocr.o)
 .comment       0x00000000       0x3c /home/matt/.uecide/compilers/pic32-tools-pre/bin/bin/../../lib/gcc/pic32mx/4.8.3/../../../../pic32mx/lib/size/fpu64/libc.a(lib_a-memcpy.o)
 .comment       0x00000000       0x3c /home/matt/.uecide/compilers/pic32-tools-pre/bin/bin/../../lib/gcc/pic32mx/4.8.3/../../../../pic32mx/lib/size/fpu64/libc.a(lib_a-mlock.o)